Archive member included to satisfy reference by file (symbol)

F:/Programs/ST/STM32CubeIDE/STM32CubeIDE_1.19.0/STM32CubeIDE_1.19.0/STM32CubeIDE/plugins/com.st.stm32cube.ide.mcu.externaltools.gnu-tools-for-stm32.13.3.rel1.win32_1.0.0.202411081344/tools/bin/../lib/gcc/arm-none-eabi/13.3.1/../../../../arm-none-eabi/lib/thumb/v7-m/nofp\libc_nano.a(libc_a-exit.o)
                              F:/Programs/ST/STM32CubeIDE/STM32CubeIDE_1.19.0/STM32CubeIDE_1.19.0/STM32CubeIDE/plugins/com.st.stm32cube.ide.mcu.externaltools.gnu-tools-for-stm32.13.3.rel1.win32_1.0.0.202411081344/tools/bin/../lib/gcc/arm-none-eabi/13.3.1/../../../../arm-none-eabi/lib/thumb/v7-m/nofp/crt0.o (exit)
F:/Programs/ST/STM32CubeIDE/STM32CubeIDE_1.19.0/STM32CubeIDE_1.19.0/STM32CubeIDE/plugins/com.st.stm32cube.ide.mcu.externaltools.gnu-tools-for-stm32.13.3.rel1.win32_1.0.0.202411081344/tools/bin/../lib/gcc/arm-none-eabi/13.3.1/../../../../arm-none-eabi/lib/thumb/v7-m/nofp\libc_nano.a(libc_a-nano-vfscanf_float.o)
                              (_scanf_float)
F:/Programs/ST/STM32CubeIDE/STM32CubeIDE_1.19.0/STM32CubeIDE_1.19.0/STM32CubeIDE/plugins/com.st.stm32cube.ide.mcu.externaltools.gnu-tools-for-stm32.13.3.rel1.win32_1.0.0.202411081344/tools/bin/../lib/gcc/arm-none-eabi/13.3.1/../../../../arm-none-eabi/lib/thumb/v7-m/nofp\libc_nano.a(libc_a-findfp.o)
                              F:/Programs/ST/STM32CubeIDE/STM32CubeIDE_1.19.0/STM32CubeIDE_1.19.0/STM32CubeIDE/plugins/com.st.stm32cube.ide.mcu.externaltools.gnu-tools-for-stm32.13.3.rel1.win32_1.0.0.202411081344/tools/bin/../lib/gcc/arm-none-eabi/13.3.1/../../../../arm-none-eabi/lib/thumb/v7-m/nofp\libc_nano.a(libc_a-exit.o) (__stdio_exit_handler)
F:/Programs/ST/STM32CubeIDE/STM32CubeIDE_1.19.0/STM32CubeIDE_1.19.0/STM32CubeIDE/plugins/com.st.stm32cube.ide.mcu.externaltools.gnu-tools-for-stm32.13.3.rel1.win32_1.0.0.202411081344/tools/bin/../lib/gcc/arm-none-eabi/13.3.1/../../../../arm-none-eabi/lib/thumb/v7-m/nofp\libc_nano.a(libc_a-fwalk.o)
                              F:/Programs/ST/STM32CubeIDE/STM32CubeIDE_1.19.0/STM32CubeIDE_1.19.0/STM32CubeIDE/plugins/com.st.stm32cube.ide.mcu.externaltools.gnu-tools-for-stm32.13.3.rel1.win32_1.0.0.202411081344/tools/bin/../lib/gcc/arm-none-eabi/13.3.1/../../../../arm-none-eabi/lib/thumb/v7-m/nofp\libc_nano.a(libc_a-findfp.o) (_fwalk_sglue)
F:/Programs/ST/STM32CubeIDE/STM32CubeIDE_1.19.0/STM32CubeIDE_1.19.0/STM32CubeIDE/plugins/com.st.stm32cube.ide.mcu.externaltools.gnu-tools-for-stm32.13.3.rel1.win32_1.0.0.202411081344/tools/bin/../lib/gcc/arm-none-eabi/13.3.1/../../../../arm-none-eabi/lib/thumb/v7-m/nofp\libc_nano.a(libc_a-sprintf.o)
                              ./Core/Src/UART.o (sprintf)
F:/Programs/ST/STM32CubeIDE/STM32CubeIDE_1.19.0/STM32CubeIDE_1.19.0/STM32CubeIDE/plugins/com.st.stm32cube.ide.mcu.externaltools.gnu-tools-for-stm32.13.3.rel1.win32_1.0.0.202411081344/tools/bin/../lib/gcc/arm-none-eabi/13.3.1/../../../../arm-none-eabi/lib/thumb/v7-m/nofp\libc_nano.a(libc_a-sscanf.o)
                              ./Core/Src/UART.o (sscanf)
F:/Programs/ST/STM32CubeIDE/STM32CubeIDE_1.19.0/STM32CubeIDE_1.19.0/STM32CubeIDE/plugins/com.st.stm32cube.ide.mcu.externaltools.gnu-tools-for-stm32.13.3.rel1.win32_1.0.0.202411081344/tools/bin/../lib/gcc/arm-none-eabi/13.3.1/../../../../arm-none-eabi/lib/thumb/v7-m/nofp\libc_nano.a(libc_a-stdio.o)
                              F:/Programs/ST/STM32CubeIDE/STM32CubeIDE_1.19.0/STM32CubeIDE_1.19.0/STM32CubeIDE/plugins/com.st.stm32cube.ide.mcu.externaltools.gnu-tools-for-stm32.13.3.rel1.win32_1.0.0.202411081344/tools/bin/../lib/gcc/arm-none-eabi/13.3.1/../../../../arm-none-eabi/lib/thumb/v7-m/nofp\libc_nano.a(libc_a-findfp.o) (__sread)
F:/Programs/ST/STM32CubeIDE/STM32CubeIDE_1.19.0/STM32CubeIDE_1.19.0/STM32CubeIDE/plugins/com.st.stm32cube.ide.mcu.externaltools.gnu-tools-for-stm32.13.3.rel1.win32_1.0.0.202411081344/tools/bin/../lib/gcc/arm-none-eabi/13.3.1/../../../../arm-none-eabi/lib/thumb/v7-m/nofp\libc_nano.a(libc_a-memset.o)
                              F:/Programs/ST/STM32CubeIDE/STM32CubeIDE_1.19.0/STM32CubeIDE_1.19.0/STM32CubeIDE/plugins/com.st.stm32cube.ide.mcu.externaltools.gnu-tools-for-stm32.13.3.rel1.win32_1.0.0.202411081344/tools/bin/../lib/gcc/arm-none-eabi/13.3.1/../../../../arm-none-eabi/lib/thumb/v7-m/nofp/crt0.o (memset)
F:/Programs/ST/STM32CubeIDE/STM32CubeIDE_1.19.0/STM32CubeIDE_1.19.0/STM32CubeIDE/plugins/com.st.stm32cube.ide.mcu.externaltools.gnu-tools-for-stm32.13.3.rel1.win32_1.0.0.202411081344/tools/bin/../lib/gcc/arm-none-eabi/13.3.1/../../../../arm-none-eabi/lib/thumb/v7-m/nofp\libc_nano.a(libc_a-closer.o)
                              F:/Programs/ST/STM32CubeIDE/STM32CubeIDE_1.19.0/STM32CubeIDE_1.19.0/STM32CubeIDE/plugins/com.st.stm32cube.ide.mcu.externaltools.gnu-tools-for-stm32.13.3.rel1.win32_1.0.0.202411081344/tools/bin/../lib/gcc/arm-none-eabi/13.3.1/../../../../arm-none-eabi/lib/thumb/v7-m/nofp\libc_nano.a(libc_a-stdio.o) (_close_r)
[...]
Memory Configuration

Name             Origin             Length             Attributes
RAM              0x20000000         0x00005000         xrw
FLASH            0x08000000         0x00010000         xr
*default*        0x00000000         0xffffffff

Linker script and memory map

LOAD F:/Programs/ST/STM32CubeIDE/STM32CubeIDE_1.19.0/STM32CubeIDE_1.19.0/STM32CubeIDE/plugins/com.st.stm32cube.ide.mcu.externaltools.gnu-tools-for-stm32.13.3.rel1.win32_1.0.0.202411081344/tools/bin/../lib/gcc/arm-none-eabi/13.3.1/thumb/v7-m/nofp/crti.o
LOAD F:/Programs/ST/STM32CubeIDE/STM32CubeIDE_1.19.0/STM32CubeIDE_1.19.0/STM32CubeIDE/plugins/com.st.stm32cube.ide.mcu.externaltools.gnu-tools-for-stm32.13.3.rel1.win32_1.0.0.202411081344/tools/bin/../lib/gcc/arm-none-eabi/13.3.1/thumb/v7-m/nofp/crtbegin.o
LOAD F:/Programs/ST/STM32CubeIDE/STM32CubeIDE_1.19.0/STM32CubeIDE_1.19.0/STM32CubeIDE/plugins/com.st.stm32cube.ide.mcu.externaltools.gnu-tools-for-stm32.13.3.rel1.win32_1.0.0.202411081344/tools/bin/../lib/gcc/arm-none-eabi/13.3.1/../../../../arm-none-eabi/lib/thumb/v7-m/nofp/crt0.o
LOAD ./Core/Src/UART.o
LOAD ./Core/Src/adas.o
LOAD ./Core/Src/ev_control.o
LOAD ./Core/Src/fault.o
LOAD ./Core/Src/main.o
LOAD ./Core/Src/stm32f1xx_hal_msp.o
LOAD ./Core/Src/stm32f1xx_it.o
LOAD ./Core/Src/syscalls.o
LOAD ./Core/Src/sysmem.o
LOAD ./Core/Src/system_stm32f1xx.o
LOAD ./Core/Src/ultrasonic.o
LOAD ./Core/Startup/startup_stm32f103c8tx.o
LOAD ./Drivers/STM32F1xx_HAL_Driver/Src/stm32f1xx_hal.o
LOAD ./Drivers/STM32F1xx_HAL_Driver/Src/stm32f1xx_hal_adc.o
LOAD ./Drivers/STM32F1xx_HAL_Driver/Src/stm32f1xx_hal_adc_ex.o
LOAD ./Drivers/STM32F1xx_HAL_Driver/Src/stm32f1xx_hal_cortex.o
LOAD ./Drivers/STM32F1xx_HAL_Driver/Src/stm32f1xx_hal_dma.o
LOAD ./Drivers/STM32F1xx_HAL_Driver/Src/stm32f1xx_hal_exti.o
LOAD ./Drivers/STM32F1xx_HAL_Driver/Src/stm32f1xx_hal_flash.o
LOAD ./Drivers/STM32F1xx_HAL_Driver/Src/stm32f1xx_hal_flash_ex.o
LOAD ./Drivers/STM32F1xx_HAL_Driver/Src/stm32f1xx_hal_gpio.o
LOAD ./Drivers/STM32F1xx_HAL_Driver/Src/stm32f1xx_hal_gpio_ex.o
LOAD ./Drivers/STM32F1xx_HAL_Driver/Src/stm32f1xx_hal_pwr.o
LOAD ./Drivers/STM32F1xx_HAL_Driver/Src/stm32f1xx_hal_rcc.o
LOAD ./Drivers/STM32F1xx_HAL_Driver/Src/stm32f1xx_hal_rcc_ex.o
LOAD ./Drivers/STM32F1xx_HAL_Driver/Src/stm32f1xx_hal_tim.o
LOAD ./Drivers/STM32F1xx_HAL_Driver/Src/stm32f1xx_hal_tim_ex.o
LOAD ./Drivers/STM32F1xx_HAL_Driver/Src/stm32f1xx_hal_uart.o
START GROUP
LOAD F:/Programs/ST/STM32CubeIDE/STM32CubeIDE_1.19.0/STM32CubeIDE_1.19.0/STM32CubeIDE/plugins/com.st.stm32cube.ide.mcu.externaltools.gnu-tools-for-stm32.13.3.rel1.win32_1.0.0.202411081344/tools/bin/../lib/gcc/arm-none-eabi/13.3.1/../../../../arm-none-eabi/lib/thumb/v7-m/nofp\libc_nano.a
LOAD F:/Programs/ST/STM32CubeIDE/STM32CubeIDE_1.19.0/STM32CubeIDE_1.19.0/STM32CubeIDE/plugins/com.st.stm32cube.ide.mcu.externaltools.gnu-tools-for-stm32.13.3.rel1.win32_1.0.0.202411081344/tools/bin/../lib/gcc/arm-none-eabi/13.3.1/../../../../arm-none-eabi/lib/thumb/v7-m/nofp\libm.a
END GROUP
START GROUP
LOAD F:/Programs/ST/STM32CubeIDE/STM32CubeIDE_1.19.0/STM32CubeIDE_1.19.0/STM32CubeIDE/plugins/com.st.stm32cube.ide.mcu.externaltools.gnu-tools-for-stm32.13.3.rel1.win32_1.0.0.202411081344/tools/bin/../lib/gcc/arm-none-eabi/13.3.1/thumb/v7-m/nofp\libgcc.a
LOAD F:/Programs/ST/STM32CubeIDE/STM32CubeIDE_1.19.0/STM32CubeIDE_1.19.0/STM32CubeIDE/plugins/com.st.stm32cube.ide.mcu.externaltools.gnu-tools-for-stm32.13.3.rel1.win32_1.0.0.202411081344/tools/bin/../lib/gcc/arm-none-eabi/13.3.1/../../../../arm-none-eabi/lib/thumb/v7-m/nofp\libc_nano.a
END GROUP
START GROUP
LOAD F:/Programs/ST/STM32CubeIDE/STM32CubeIDE_1.19.0/STM32CubeIDE_1.19.0/STM32CubeIDE/plugins/com.st.stm32cube.ide.mcu.externaltools.gnu-tools-for-stm32.13.3.rel1.win32_1.0.0.202411081344/tools/bin/../lib/gcc/arm-none-eabi/13.3.1/thumb/v7-m/nofp\libgcc.a
LOAD F:/Programs/ST/STM32CubeIDE/STM32CubeIDE_1.19.0/STM32CubeIDE_1.19.0/STM32CubeIDE/plugins/com.st.stm32cube.ide.mcu.externaltools.gnu-tools-for-stm32.13.3.rel1.win32_1.0.0.202411081344/tools/bin/../lib/gcc/arm-none-eabi/13.3.1/../../../../arm-none-eabi/lib/thumb/v7-m/nofp\libc_nano.a
LOAD F:/Programs/ST/STM32CubeIDE/STM32CubeIDE_1.19.0/STM32CubeIDE_1.19.0/STM32CubeIDE/plugins/com.st.stm32cube.ide.mcu.externaltools.gnu-tools-for-stm32.13.3.rel1.win32_1.0.0.202411081344/tools/bin/../lib/gcc/arm-none-eabi/13.3.1/../../../../arm-none-eabi/lib/thumb/v7-m/nofp\libnosys.a
END GROUP
START GROUP
LOAD F:/Programs/ST/STM32CubeIDE/STM32CubeIDE_1.19.0/STM32CubeIDE_1.19.0/STM32CubeIDE/plugins/com.st.stm32cube.ide.mcu.externaltools.gnu-tools-for-stm32.13.3.rel1.win32_1.0.0.202411081344/tools/bin/../lib/gcc/arm-none-eabi/13.3.1/thumb/v7-m/nofp\libgcc.a
LOAD F:/Programs/ST/STM32CubeIDE/STM32CubeIDE_1.19.0/STM32CubeIDE_1.19.0/STM32CubeIDE/plugins/com.st.stm32cube.ide.mcu.externaltools.gnu-tools-for-stm32.13.3.rel1.win32_1.0.0.202411081344/tools/bin/../lib/gcc/arm-none-eabi/13.3.1/../../../../arm-none-eabi/lib/thumb/v7-m/nofp\libc_nano.a
LOAD F:/Programs/ST/STM32CubeIDE/STM32CubeIDE_1.19.0/STM32CubeIDE_1.19.0/STM32CubeIDE/plugins/com.st.stm32cube.ide.mcu.externaltools.gnu-tools-for-stm32.13.3.rel1.win32_1.0.0.202411081344/tools/bin/../lib/gcc/arm-none-eabi/13.3.1/../../../../arm-none-eabi/lib/thumb/v7-m/nofp\libnosys.a
END GROUP
LOAD F:/Programs/ST/STM32CubeIDE/STM32CubeIDE_1.19.0/STM32CubeIDE_1.19.0/STM32CubeIDE/plugins/com.st.stm32cube.ide.mcu.externaltools.gnu-tools-for-stm32.13.3.rel1.win32_1.0.0.202411081344/tools/bin/../lib/gcc/arm-none-eabi/13.3.1/thumb/v7-m/nofp/crtend.o
LOAD F:/Programs/ST/STM32CubeIDE/STM32CubeIDE_1.19.0/STM32CubeIDE_1.19.0/STM32CubeIDE/plugins/com.st.stm32cube.ide.mcu.externaltools.gnu-tools-for-stm32.13.3.rel1.win32_1.0.0.202411081344/tools/bin/../lib/gcc/arm-none-eabi/13.3.1/thumb/v7-m/nofp/crtn.o
                0x20005000                        _estack = (ORIGIN (RAM) + LENGTH (RAM))
                0x00000200                        _Min_Heap_Size = 0x200
                0x00000400                        _Min_Stack_Size = 0x400

.isr_vector     0x08000000      0x10c
                0x08000000                        . = ALIGN (0x4)
 *(.isr_vector)
 .isr_vector    0x08000000      0x10c ./Core/Startup/startup_stm32f103c8tx.o
                0x08000000                g_pfnVectors
                0x0800010c                        . = ALIGN (0x4)

.text           0x08000110     0x9fc4
                0x08000110                        . = ALIGN (0x4)
 *(.text)
 .text          0x08000110       0x40 F:/Programs/ST/STM32CubeIDE/STM32CubeIDE_1.19.0/STM32CubeIDE_1.19.0/STM32CubeIDE/plugins/com.st.stm32cube.ide.mcu.externaltools.gnu-tools-for-stm32.13.3.rel1.win32_1.0.0.202411081344/tools/bin/../lib/gcc/arm-none-eabi/13.3.1/thumb/v7-m/nofp/crtbegin.o
 .text          0x08000150       0x14 F:/Programs/ST/STM32CubeIDE/STM32CubeIDE_1.19.0/STM32CubeIDE_1.19.0/STM32CubeIDE/plugins/com.st.stm32cube.ide.mcu.externaltools.gnu-tools-for-stm32.13.3.rel1.win32_1.0.0.202411081344/tools/bin/../lib/gcc/arm-none-eabi/13.3.1/../../../../arm-none-eabi/lib/thumb/v7-m/nofp\libc_nano.a(libc_a-strcmp.o)
                0x08000150                strcmp
 .text          0x08000164       0x10 F:/Programs/ST/STM32CubeIDE/STM32CubeIDE_1.19.0/STM32CubeIDE_1.19.0/STM32CubeIDE/plugins/com.st.stm32cube.ide.mcu.externaltools.gnu-tools-for-stm32.13.3.rel1.win32_1.0.0.202411081344/tools/bin/../lib/gcc/arm-none-eabi/13.3.1/../../../../arm-none-eabi/lib/thumb/v7-m/nofp\libc_nano.a(libc_a-strlen.o)
                0x08000164                strlen
 .text          0x08000174      0x378 F:/Programs/ST/STM32CubeIDE/STM32CubeIDE_1.19.0/STM32CubeIDE_1.19.0/STM32CubeIDE/plugins/com.st.stm32cube.ide.mcu.externaltools.gnu-tools-for-stm32.13.3.rel1.win32_1.0.0.202411081344/tools/bin/../lib/gcc/arm-none-eabi/13.3.1/thumb/v7-m/nofp\libgcc.a(_arm_addsubdf3.o)
                0x08000174                __aeabi_drsub
                0x0800017c                __aeabi_dsub
                0x0800017c                __subdf3
                0x08000180                __aeabi_dadd
                0x08000180                __adddf3
                0x080003f8                __floatunsidf
                0x080003f8                __aeabi_ui2d
                0x08000418                __floatsidf
                0x08000418                __aeabi_i2d
                0x0800043c                __aeabi_f2d
                0x0800043c                __extendsfdf2
                0x08000480                __floatundidf
                0x08000480                __aeabi_ul2d
                0x08000490                __floatdidf
                0x08000490                __aeabi_l2d
 .text          0x080004ec      0x424 F:/Programs/ST/STM32CubeIDE/STM32CubeIDE_1.19.0/STM32CubeIDE_1.19.0/STM32CubeIDE/plugins/com.st.stm32cube.ide.mcu.externaltools.gnu-tools-for-stm32.13.3.rel1.win32_1.0.0.202411081344/tools/bin/../lib/gcc/arm-none-eabi/13.3.1/thumb/v7-m/nofp\libgcc.a(_arm_muldivdf3.o)
                0x080004ec                __aeabi_dmul
                0x080004ec                __muldf3
                0x08000740                __divdf3
                0x08000740                __aeabi_ddiv
 .text          0x08000910      0x110 F:/Programs/ST/STM32CubeIDE/STM32CubeIDE_1.19.0/STM32CubeIDE_1.19.0/STM32CubeIDE/plugins/com.st.stm32cube.ide.mcu.externaltools.gnu-tools-for-stm32.13.3.rel1.win32_1.0.0.202411081344/tools/bin/../lib/gcc/arm-none-eabi/13.3.1/thumb/v7-m/nofp\libgcc.a(_arm_cmpdf2.o)
                0x08000910                __gtdf2
                0x08000910                __gedf2
                0x08000918                __ltdf2
                0x08000918                __ledf2
                0x08000920                __nedf2
                0x08000920                __eqdf2
                0x08000920                __cmpdf2
                0x0800099c                __aeabi_cdrcmple
                0x080009ac                __aeabi_cdcmpeq
                0x080009ac                __aeabi_cdcmple
                0x080009bc                __aeabi_dcmpeq
                0x080009d0                __aeabi_dcmplt
                0x080009e4                __aeabi_dcmple
                0x080009f8                __aeabi_dcmpge
                0x08000a0c                __aeabi_dcmpgt
 .text          0x08000a20       0x2c F:/Programs/ST/STM32CubeIDE/STM32CubeIDE_1.19.0/STM32CubeIDE_1.19.0/STM32CubeIDE/plugins/com.st.stm32cube.ide.mcu.externaltools.gnu-tools-for-stm32.13.3.rel1.win32_1.0.0.202411081344/tools/bin/../lib/gcc/arm-none-eabi/13.3.1/thumb/v7-m/nofp\libgcc.a(_arm_unorddf2.o)
                0x08000a20                __unorddf2
                0x08000a20                __aeabi_dcmpun
 .text          0x08000a4c       0x40 F:/Programs/ST/STM32CubeIDE/STM32CubeIDE_1.19.0/STM32CubeIDE_1.19.0/STM32CubeIDE/plugins/com.st.stm32cube.ide.mcu.externaltools.gnu-tools-for-stm32.13.3.rel1.win32_1.0.0.202411081344/tools/bin/../lib/gcc/arm-none-eabi/13.3.1/thumb/v7-m/nofp\libgcc.a(_arm_fixunsdfsi.o)
                0x08000a4c                __aeabi_d2uiz
                0x08000a4c                __fixunsdfsi
 .text          0x08000a8c       0xa0 F:/Programs/ST/STM32CubeIDE/STM32CubeIDE_1.19.0/STM32CubeIDE_1.19.0/STM32CubeIDE/plugins/com.st.stm32cube.ide.mcu.externaltools.gnu-tools-for-stm32.13.3.rel1.win32_1.0.0.202411081344/tools/bin/../lib/gcc/arm-none-eabi/13.3.1/thumb/v7-m/nofp\libgcc.a(_arm_truncdfsf2.o)
                0x08000a8c                __truncdfsf2
                0x08000a8c                __aeabi_d2f
 .text          0x08000b2c      0x21c F:/Programs/ST/STM32CubeIDE/STM32CubeIDE_1.19.0/STM32CubeIDE_1.19.0/STM32CubeIDE/plugins/com.st.stm32cube.ide.mcu.externaltools.gnu-tools-for-stm32.13.3.rel1.win32_1.0.0.202411081344/tools/bin/../lib/gcc/arm-none-eabi/13.3.1/thumb/v7-m/nofp\libgcc.a(_arm_addsubsf3.o)
                0x08000b2c                __aeabi_frsub
                0x08000b34                __subsf3
                0x08000b34                __aeabi_fsub
                0x08000b38                __aeabi_fadd
                0x08000b38                __addsf3
                0x08000c98                __aeabi_ui2f
                0x08000c98                __floatunsisf
                0x08000ca0                __aeabi_i2f
                0x08000ca0                __floatsisf
                0x08000cbc                __aeabi_ul2f
                0x08000cbc                __floatundisf
                0x08000ccc                __aeabi_l2f
                0x08000ccc                __floatdisf
 .text          0x08000d48      0x2a0 F:/Programs/ST/STM32CubeIDE/STM32CubeIDE_1.19.0/STM32CubeIDE_1.19.0/STM32CubeIDE/plugins/com.st.stm32cube.ide.mcu.externaltools.gnu-tools-for-stm32.13.3.rel1.win32_1.0.0.202411081344/tools/bin/../lib/gcc/arm-none-eabi/13.3.1/thumb/v7-m/nofp\libgcc.a(_arm_muldivsf3.o)
                0x08000d48                __mulsf3
                0x08000d48                __aeabi_fmul
                0x08000eb0                __aeabi_fdiv
                0x08000eb0                __divsf3
 .text          0x08000fe8       0xec F:/Programs/ST/STM32CubeIDE/STM32CubeIDE_1.19.0/STM32CubeIDE_1.19.0/STM32CubeIDE/plugins/com.st.stm32cube.ide.mcu.externaltools.gnu-tools-for-stm32.13.3.rel1.win32_1.0.0.202411081344/tools/bin/../lib/gcc/arm-none-eabi/13.3.1/thumb/v7-m/nofp\libgcc.a(_arm_cmpsf2.o)
                0x08000fe8                __gesf2
                0x08000fe8                __gtsf2
                0x08000ff0                __lesf2
                0x08000ff0                __ltsf2
                0x08000ff8                __nesf2
                0x08000ff8                __eqsf2
                0x08000ff8                __cmpsf2
                0x08001058                __aeabi_cfrcmple
                0x08001060                __aeabi_cfcmpeq
                0x08001060                __aeabi_cfcmple
                0x08001070                __aeabi_fcmpeq
                0x08001084                __aeabi_fcmplt
                0x08001098                __aeabi_fcmple
                0x080010ac                __aeabi_fcmpge
                0x080010c0                __aeabi_fcmpgt
 .text          0x080010d4       0x4c F:/Programs/ST/STM32CubeIDE/STM32CubeIDE_1.19.0/STM32CubeIDE_1.19.0/STM32CubeIDE/plugins/com.st.stm32cube.ide.mcu.externaltools.gnu-tools-for-stm32.13.3.rel1.win32_1.0.0.202411081344/tools/bin/../lib/gcc/arm-none-eabi/13.3.1/thumb/v7-m/nofp\libgcc.a(_arm_fixsfsi.o)
                0x080010d4                __aeabi_f2iz
                0x080010d4                __fixsfsi
 .text          0x08001120       0x30 F:/Programs/ST/STM32CubeIDE/STM32CubeIDE_1.19.0/STM32CubeIDE_1.19.0/STM32CubeIDE/plugins/com.st.stm32cube.ide.mcu.externaltools.gnu-tools-for-stm32.13.3.rel1.win32_1.0.0.202411081344/tools/bin/../lib/gcc/arm-none-eabi/13.3.1/thumb/v7-m/nofp\libgcc.a(_fixdfdi.o)
                0x08001120                __fixdfdi
                0x08001120                __aeabi_d2lz
 .text          0x08001150       0x3c F:/Programs/ST/STM32CubeIDE/STM32CubeIDE_1.19.0/STM32CubeIDE_1.19.0/STM32CubeIDE/plugins/com.st.stm32cube.ide.mcu.externaltools.gnu-tools-for-stm32.13.3.rel1.win32_1.0.0.202411081344/tools/bin/../lib/gcc/arm-none-eabi/13.3.1/thumb/v7-m/nofp\libgcc.a(_fixunsdfdi.o)
                0x08001150                __fixunsdfdi
                0x08001150                __aeabi_d2ulz
 *(.text*)
 .text.__NVIC_SystemReset
                0x0800118c       0x2c ./Core/Src/UART.o
 .text.rb_pop   0x080011b8       0x64 ./Core/Src/UART.o
 .text.shell_tx
                0x0800121c       0x2c ./Core/Src/UART.o
 .text.print_status
                0x08001248      0x410 ./Core/Src/UART.o
                0x08001248                print_status
 .text.process_cmd
                0x08001658      0x334 ./Core/Src/UART.o
 .text.Shell_Init
                0x0800198c       0x6c ./Core/Src/UART.o
                0x0800198c                Shell_Init
 .text.Shell_Process
                0x080019f8       0xbc ./Core/Src/UART.o
                0x080019f8                Shell_Process
 .text.hyst_check
                0x08001ab4       0x40 ./Core/Src/adas.o
 .text.ADAS_Init
                0x08001af4       0x3c ./Core/Src/adas.o
                0x08001af4                ADAS_Init
 .text.ADAS_Update
                0x08001b30      0x2d8 ./Core/Src/adas.o
                0x08001b30                ADAS_Update
 .text.EV_Init  0x08001e08       0x48 ./Core/Src/ev_control.o
                0x08001e08                EV_Init
 .text.Read_ADC_Channel
                0x08001e50       0x54 ./Core/Src/ev_control.o
                0x08001e50                Read_ADC_Channel
 .text.EV_ReadADC
                0x08001ea4      0x154 ./Core/Src/ev_control.o
                0x08001ea4                EV_ReadADC
 .text.EV_Update
                0x08001ff8      0x410 ./Core/Src/ev_control.o
                0x08001ff8                EV_Update
 .text.EV_SetDriveMode
                0x08002408       0x24 ./Core/Src/ev_control.o
                0x08002408                EV_SetDriveMode
 .text.EV_InjectSpeed
                0x0800242c       0x44 ./Core/Src/ev_control.o
                0x0800242c                EV_InjectSpeed
 .text.EV_InjectSOC
                0x08002470       0x44 ./Core/Src/ev_control.o
                0x08002470                EV_InjectSOC
 .text.EV_InjectMotorTemp
                0x080024b4       0x44 ./Core/Src/ev_control.o
                0x080024b4                EV_InjectMotorTemp
 .text.Fault_Init
                0x080024f8       0x1e ./Core/Src/fault.o
                0x080024f8                Fault_Init
 *fill*         0x08002516        0x2 
 .text.Fault_Check
                0x08002518       0xb8 ./Core/Src/fault.o
                0x08002518                Fault_Check
 .text.Fault_Clear
                0x080025d0       0x5c ./Core/Src/fault.o
                0x080025d0                Fault_Clear
 .text.HAL_TIM_PeriodElapsedCallback
                0x0800262c       0x44 ./Core/Src/main.o
                0x0800262c                HAL_TIM_PeriodElapsedCallback
 .text.main     0x08002670      0x118 ./Core/Src/main.o
                0x08002670                main
 .text.Print_Status
                0x08002788      0x218 ./Core/Src/main.o
 .text.SystemClock_Config
                0x080029a0       0xb6 ./Core/Src/main.o
                0x080029a0                SystemClock_Config
 *fill*         0x08002a56        0x2 
 .text.MX_ADC1_Init
                0x08002a58       0x7c ./Core/Src/main.o
 .text.MX_TIM1_Init
                0x08002ad4      0x140 ./Core/Src/main.o
 .text.MX_TIM2_Init
                0x08002c14       0x98 ./Core/Src/main.o
 .text.MX_TIM3_Init
                0x08002cac       0x9c ./Core/Src/main.o
 .text.MX_USART1_UART_Init
                0x08002d48       0x54 ./Core/Src/main.o
 .text.MX_GPIO_Init
                0x08002d9c       0xf4 ./Core/Src/main.o
 .text.Error_Handler
                0x08002e90        0xc ./Core/Src/main.o
                0x08002e90                Error_Handler
 .text.HAL_MspInit
                0x08002e9c       0x64 ./Core/Src/stm32f1xx_hal_msp.o
                0x08002e9c                HAL_MspInit
 .text.HAL_ADC_MspInit
                0x08002f00       0x78 ./Core/Src/stm32f1xx_hal_msp.o
                0x08002f00                HAL_ADC_MspInit
 .text.HAL_TIM_Base_MspInit
                0x08002f78       0xd0 ./Core/Src/stm32f1xx_hal_msp.o
                0x08002f78                HAL_TIM_Base_MspInit
 .text.HAL_TIM_MspPostInit
                0x08003048       0xac ./Core/Src/stm32f1xx_hal_msp.o
                0x08003048                HAL_TIM_MspPostInit
 .text.HAL_UART_MspInit
                0x080030f4       0x98 ./Core/Src/stm32f1xx_hal_msp.o
                0x080030f4                HAL_UART_MspInit
 .text.NMI_Handler
                0x0800318c        0x8 ./Core/Src/stm32f1xx_it.o
                0x0800318c                NMI_Handler
 .text.HardFault_Handler
                0x08003194        0x8 ./Core/Src/stm32f1xx_it.o
                0x08003194                HardFault_Handler
 .text.MemManage_Handler
                0x0800319c        0x8 ./Core/Src/stm32f1xx_it.o
                0x0800319c                MemManage_Handler
 .text.BusFault_Handler
                0x080031a4        0x8 ./Core/Src/stm32f1xx_it.o
                0x080031a4                BusFault_Handler
 .text.UsageFault_Handler
                0x080031ac        0x8 ./Core/Src/stm32f1xx_it.o
                0x080031ac                UsageFault_Handler
 .text.SVC_Handler
                0x080031b4        0xc ./Core/Src/stm32f1xx_it.o
                0x080031b4                SVC_Handler
 .text.DebugMon_Handler
                0x080031c0        0xc ./Core/Src/stm32f1xx_it.o
                0x080031c0                DebugMon_Handler
 .text.PendSV_Handler
                0x080031cc        0xc ./Core/Src/stm32f1xx_it.o
                0x080031cc                PendSV_Handler
 .text.SysTick_Handler
                0x080031d8        0xc ./Core/Src/stm32f1xx_it.o
                0x080031d8                SysTick_Handler
 .text.TIM1_UP_IRQHandler
                0x080031e4       0x14 ./Core/Src/stm32f1xx_it.o
                0x080031e4                TIM1_UP_IRQHandler
 .text.TIM3_IRQHandler
                0x080031f8       0x14 ./Core/Src/stm32f1xx_it.o
                0x080031f8                TIM3_IRQHandler
 .text._getpid  0x0800320c        0xe ./Core/Src/syscalls.o
                0x0800320c                _getpid
 .text._kill    0x0800321a       0x20 ./Core/Src/syscalls.o
                0x0800321a                _kill
 .text._exit    0x0800323a       0x16 ./Core/Src/syscalls.o
                0x0800323a                _exit
 .text._read    0x08003250       0x3a ./Core/Src/syscalls.o
                0x08003250                _read
 .text._write   0x0800328a       0x38 ./Core/Src/syscalls.o
                0x0800328a                _write
 .text._close   0x080032c2       0x16 ./Core/Src/syscalls.o
                0x080032c2                _close
 .text._fstat   0x080032d8       0x1e ./Core/Src/syscalls.o
                0x080032d8                _fstat
 .text._isatty  0x080032f6       0x14 ./Core/Src/syscalls.o
                0x080032f6                _isatty
 .text._lseek   0x0800330a       0x18 ./Core/Src/syscalls.o
                0x0800330a                _lseek
 *fill*         0x08003322        0x2 
 .text._sbrk    0x08003324       0x6c ./Core/Src/sysmem.o
                0x08003324                _sbrk
 .text.SystemInit
                0x08003390        0xc ./Core/Src/system_stm32f1xx.o
                0x08003390                SystemInit
 .text.TIM2_GetUS
                0x0800339c       0x18 ./Core/Src/ultrasonic.o
 .text.Delay_US
                0x080033b4       0x32 ./Core/Src/ultrasonic.o
 *fill*         0x080033e6        0x2 
 .text.HCSR04_Init
                0x080033e8       0x64 ./Core/Src/ultrasonic.o
                0x080033e8                HCSR04_Init
 .text.HCSR04_Read
                0x0800344c      0x1b0 ./Core/Src/ultrasonic.o
                0x0800344c                HCSR04_Read
 .text.HCSR04_ReadAll
                0x080035fc       0x36 ./Core/Src/ultrasonic.o
                0x080035fc                HCSR04_ReadAll
 *fill*         0x08003632        0x2 
 .text.HCSR04_GetDistance
                0x08003634       0x20 ./Core/Src/ultrasonic.o
                0x08003634                HCSR04_GetDistance
 .text.HCSR04_IsValid
                0x08003654       0x24 ./Core/Src/ultrasonic.o
                0x08003654                HCSR04_IsValid
 .text.Reset_Handler
                0x08003678       0x48 ./Core/Startup/startup_stm32f103c8tx.o
                0x08003678                Reset_Handler
 .text.Default_Handler
                0x080036c0        0x2 ./Core/Startup/startup_stm32f103c8tx.o
                0x080036c0                RTC_Alarm_IRQHandler
                0x080036c0                EXTI2_IRQHandler
                0x080036c0                TIM1_CC_IRQHandler
                0x080036c0                PVD_IRQHandler
                0x080036c0                EXTI3_IRQHandler
                0x080036c0                EXTI0_IRQHandler
                0x080036c0                I2C2_EV_IRQHandler
                0x080036c0                ADC1_2_IRQHandler
                0x080036c0                SPI1_IRQHandler
                0x080036c0                TAMPER_IRQHandler
                0x080036c0                DMA1_Channel4_IRQHandler
                0x080036c0                USART3_IRQHandler
                0x080036c0                RTC_IRQHandler
                0x080036c0                DMA1_Channel7_IRQHandler
                0x080036c0                CAN1_RX1_IRQHandler
                0x080036c0                TIM4_IRQHandler
                0x080036c0                I2C1_EV_IRQHandler
                0x080036c0                DMA1_Channel6_IRQHandler
                0x080036c0                RCC_IRQHandler
                0x080036c0                TIM1_TRG_COM_IRQHandler
                0x080036c0                DMA1_Channel1_IRQHandler
                0x080036c0                Default_Handler
                0x080036c0                EXTI15_10_IRQHandler
                0x080036c0                EXTI9_5_IRQHandler
                0x080036c0                SPI2_IRQHandler
                0x080036c0                DMA1_Channel5_IRQHandler
                0x080036c0                EXTI4_IRQHandler
                0x080036c0                USB_LP_CAN1_RX0_IRQHandler
                0x080036c0                USB_HP_CAN1_TX_IRQHandler
                0x080036c0                DMA1_Channel3_IRQHandler
                0x080036c0                WWDG_IRQHandler
                0x080036c0                TIM2_IRQHandler
                0x080036c0                TIM1_BRK_IRQHandler
                0x080036c0                EXTI1_IRQHandler
                0x080036c0                USART2_IRQHandler
                0x080036c0                I2C2_ER_IRQHandler
                0x080036c0                DMA1_Channel2_IRQHandler
                0x080036c0                CAN1_SCE_IRQHandler
                0x080036c0                FLASH_IRQHandler
                0x080036c0                USART1_IRQHandler
                0x080036c0                I2C1_ER_IRQHandler
                0x080036c0                USBWakeUp_IRQHandler
 *fill*         0x080036c2        0x2 
 .text.HAL_Init
                0x080036c4       0x2c ./Drivers/STM32F1xx_HAL_Driver/Src/stm32f1xx_hal.o
                0x080036c4                HAL_Init
 .text.HAL_InitTick
                0x080036f0       0x60 ./Drivers/STM32F1xx_HAL_Driver/Src/stm32f1xx_hal.o
                0x080036f0                HAL_InitTick
 .text.HAL_IncTick
                0x08003750       0x24 ./Drivers/STM32F1xx_HAL_Driver/Src/stm32f1xx_hal.o
                0x08003750                HAL_IncTick
 .text.HAL_GetTick
                0x08003774       0x14 ./Drivers/STM32F1xx_HAL_Driver/Src/stm32f1xx_hal.o
                0x08003774                HAL_GetTick
 .text.HAL_Delay
                0x08003788       0x48 ./Drivers/STM32F1xx_HAL_Driver/Src/stm32f1xx_hal.o
                0x08003788                HAL_Delay
 .text.HAL_ADC_Init
                0x080037d0      0x1b0 ./Drivers/STM32F1xx_HAL_Driver/Src/stm32f1xx_hal_adc.o
                0x080037d0                HAL_ADC_Init
 .text.HAL_ADC_Start
                0x08003980      0x15c ./Drivers/STM32F1xx_HAL_Driver/Src/stm32f1xx_hal_adc.o
                0x08003980                HAL_ADC_Start
 .text.HAL_ADC_PollForConversion
                0x08003adc      0x20c ./Drivers/STM32F1xx_HAL_Driver/Src/stm32f1xx_hal_adc.o
                0x08003adc                HAL_ADC_PollForConversion
 .text.HAL_ADC_GetValue
                0x08003ce8       0x18 ./Drivers/STM32F1xx_HAL_Driver/Src/stm32f1xx_hal_adc.o
                0x08003ce8                HAL_ADC_GetValue
 .text.HAL_ADC_ConfigChannel
                0x08003d00      0x1f0 ./Drivers/STM32F1xx_HAL_Driver/Src/stm32f1xx_hal_adc.o
                0x08003d00                HAL_ADC_ConfigChannel
 .text.ADC_Enable
                0x08003ef0       0xb4 ./Drivers/STM32F1xx_HAL_Driver/Src/stm32f1xx_hal_adc.o
                0x08003ef0                ADC_Enable
 .text.ADC_ConversionStop_Disable
                0x08003fa4       0x82 ./Drivers/STM32F1xx_HAL_Driver/Src/stm32f1xx_hal_adc.o
                0x08003fa4                ADC_ConversionStop_Disable
 *fill*         0x08004026        0x2 
 .text.__NVIC_SetPriorityGrouping
                0x08004028       0x48 ./Drivers/STM32F1xx_HAL_Driver/Src/stm32f1xx_hal_cortex.o
 .text.__NVIC_GetPriorityGrouping
                0x08004070       0x1c ./Drivers/STM32F1xx_HAL_Driver/Src/stm32f1xx_hal_cortex.o
 .text.__NVIC_EnableIRQ
                0x0800408c       0x38 ./Drivers/STM32F1xx_HAL_Driver/Src/stm32f1xx_hal_cortex.o
 .text.__NVIC_SetPriority
                0x080040c4       0x54 ./Drivers/STM32F1xx_HAL_Driver/Src/stm32f1xx_hal_cortex.o
 .text.NVIC_EncodePriority
                0x08004118       0x64 ./Drivers/STM32F1xx_HAL_Driver/Src/stm32f1xx_hal_cortex.o
 .text.SysTick_Config
                0x0800417c       0x44 ./Drivers/STM32F1xx_HAL_Driver/Src/stm32f1xx_hal_cortex.o
 .text.HAL_NVIC_SetPriorityGrouping
                0x080041c0       0x16 ./Drivers/STM32F1xx_HAL_Driver/Src/stm32f1xx_hal_cortex.o
                0x080041c0                HAL_NVIC_SetPriorityGrouping
 .text.HAL_NVIC_SetPriority
                0x080041d6       0x38 ./Drivers/STM32F1xx_HAL_Driver/Src/stm32f1xx_hal_cortex.o
                0x080041d6                HAL_NVIC_SetPriority
 .text.HAL_NVIC_EnableIRQ
                0x0800420e       0x1c ./Drivers/STM32F1xx_HAL_Driver/Src/stm32f1xx_hal_cortex.o
                0x0800420e                HAL_NVIC_EnableIRQ
 .text.HAL_SYSTICK_Config
                0x0800422a       0x18 ./Drivers/STM32F1xx_HAL_Driver/Src/stm32f1xx_hal_cortex.o
                0x0800422a                HAL_SYSTICK_Config
 *fill*         0x08004242        0x2 
 .text.HAL_GPIO_Init
                0x08004244      0x308 ./Drivers/STM32F1xx_HAL_Driver/Src/stm32f1xx_hal_gpio.o
                0x08004244                HAL_GPIO_Init
 .text.HAL_GPIO_ReadPin
                0x0800454c       0x2e ./Drivers/STM32F1xx_HAL_Driver/Src/stm32f1xx_hal_gpio.o
                0x0800454c                HAL_GPIO_ReadPin
 .text.HAL_GPIO_WritePin
                0x0800457a       0x30 ./Drivers/STM32F1xx_HAL_Driver/Src/stm32f1xx_hal_gpio.o
                0x0800457a                HAL_GPIO_WritePin
 *fill*         0x080045aa        0x2 
 .text.HAL_RCC_OscConfig
                0x080045ac      0x504 ./Drivers/STM32F1xx_HAL_Driver/Src/stm32f1xx_hal_rcc.o
                0x080045ac                HAL_RCC_OscConfig
 .text.HAL_RCC_ClockConfig
                0x08004ab0      0x1d4 ./Drivers/STM32F1xx_HAL_Driver/Src/stm32f1xx_hal_rcc.o
                0x08004ab0                HAL_RCC_ClockConfig
 .text.HAL_RCC_GetSysClockFreq
                0x08004c84       0xa8 ./Drivers/STM32F1xx_HAL_Driver/Src/stm32f1xx_hal_rcc.o
                0x08004c84                HAL_RCC_GetSysClockFreq
 .text.HAL_RCC_GetHCLKFreq
                0x08004d2c       0x14 ./Drivers/STM32F1xx_HAL_Driver/Src/stm32f1xx_hal_rcc.o
                0x08004d2c                HAL_RCC_GetHCLKFreq
 .text.HAL_RCC_GetPCLK1Freq
                0x08004d40       0x28 ./Drivers/STM32F1xx_HAL_Driver/Src/stm32f1xx_hal_rcc.o
                0x08004d40                HAL_RCC_GetPCLK1Freq
 .text.HAL_RCC_GetPCLK2Freq
                0x08004d68       0x28 ./Drivers/STM32F1xx_HAL_Driver/Src/stm32f1xx_hal_rcc.o
                0x08004d68                HAL_RCC_GetPCLK2Freq
 .text.RCC_Delay
                0x08004d90       0x3c ./Drivers/STM32F1xx_HAL_Driver/Src/stm32f1xx_hal_rcc.o
 .text.HAL_RCCEx_PeriphCLKConfig
                0x08004dcc      0x16c ./Drivers/STM32F1xx_HAL_Driver/Src/stm32f1xx_hal_rcc_ex.o
                0x08004dcc                HAL_RCCEx_PeriphCLKConfig
 .text.HAL_RCCEx_GetPeriphCLKFreq
                0x08004f38      0x16c ./Drivers/STM32F1xx_HAL_Driver/Src/stm32f1xx_hal_rcc_ex.o
                0x08004f38                HAL_RCCEx_GetPeriphCLKFreq
 .text.HAL_TIM_Base_Init
                0x080050a4       0x9e ./Drivers/STM32F1xx_HAL_Driver/Src/stm32f1xx_hal_tim.o
                0x080050a4                HAL_TIM_Base_Init
 *fill*         0x08005142        0x2 
 .text.HAL_TIM_Base_Start
                0x08005144       0x94 ./Drivers/STM32F1xx_HAL_Driver/Src/stm32f1xx_hal_tim.o
                0x08005144                HAL_TIM_Base_Start
 .text.HAL_TIM_Base_Start_IT
                0x080051d8       0xa4 ./Drivers/STM32F1xx_HAL_Driver/Src/stm32f1xx_hal_tim.o
                0x080051d8                HAL_TIM_Base_Start_IT
 .text.HAL_TIM_PWM_Init
                0x0800527c       0x9e ./Drivers/STM32F1xx_HAL_Driver/Src/stm32f1xx_hal_tim.o
                0x0800527c                HAL_TIM_PWM_Init
 .text.HAL_TIM_PWM_MspInit
                0x0800531a       0x12 ./Drivers/STM32F1xx_HAL_Driver/Src/stm32f1xx_hal_tim.o
                0x0800531a                HAL_TIM_PWM_MspInit
 .text.HAL_TIM_IRQHandler
                0x0800532c      0x1e0 ./Drivers/STM32F1xx_HAL_Driver/Src/stm32f1xx_hal_tim.o
                0x0800532c                HAL_TIM_IRQHandler
 .text.HAL_TIM_PWM_ConfigChannel
                0x0800550c      0x184 ./Drivers/STM32F1xx_HAL_Driver/Src/stm32f1xx_hal_tim.o
                0x0800550c                HAL_TIM_PWM_ConfigChannel
 .text.HAL_TIM_ConfigClockSource
                0x08005690      0x18e ./Drivers/STM32F1xx_HAL_Driver/Src/stm32f1xx_hal_tim.o
                0x08005690                HAL_TIM_ConfigClockSource
 .text.HAL_TIM_OC_DelayElapsedCallback
                0x0800581e       0x12 ./Drivers/STM32F1xx_HAL_Driver/Src/stm32f1xx_hal_tim.o
                0x0800581e                HAL_TIM_OC_DelayElapsedCallback
 .text.HAL_TIM_IC_CaptureCallback
                0x08005830       0x12 ./Drivers/STM32F1xx_HAL_Driver/Src/stm32f1xx_hal_tim.o
                0x08005830                HAL_TIM_IC_CaptureCallback
 .text.HAL_TIM_PWM_PulseFinishedCallback
                0x08005842       0x12 ./Drivers/STM32F1xx_HAL_Driver/Src/stm32f1xx_hal_tim.o
                0x08005842                HAL_TIM_PWM_PulseFinishedCallback
 .text.HAL_TIM_TriggerCallback
                0x08005854       0x12 ./Drivers/STM32F1xx_HAL_Driver/Src/stm32f1xx_hal_tim.o
                0x08005854                HAL_TIM_TriggerCallback
 *fill*         0x08005866        0x2 
 .text.TIM_Base_SetConfig
                0x08005868       0xdc ./Drivers/STM32F1xx_HAL_Driver/Src/stm32f1xx_hal_tim.o
                0x08005868                TIM_Base_SetConfig
 .text.TIM_OC1_SetConfig
                0x08005944       0xcc ./Drivers/STM32F1xx_HAL_Driver/Src/stm32f1xx_hal_tim.o
 .text.TIM_OC2_SetConfig
                0x08005a10       0xd4 ./Drivers/STM32F1xx_HAL_Driver/Src/stm32f1xx_hal_tim.o
                0x08005a10                TIM_OC2_SetConfig
 .text.TIM_OC3_SetConfig
                0x08005ae4       0xd4 ./Drivers/STM32F1xx_HAL_Driver/Src/stm32f1xx_hal_tim.o
 .text.TIM_OC4_SetConfig
                0x08005bb8       0x9c ./Drivers/STM32F1xx_HAL_Driver/Src/stm32f1xx_hal_tim.o
 .text.TIM_TI1_ConfigInputStage
                0x08005c54       0x5c ./Drivers/STM32F1xx_HAL_Driver/Src/stm32f1xx_hal_tim.o
 .text.TIM_TI2_ConfigInputStage
                0x08005cb0       0x5e ./Drivers/STM32F1xx_HAL_Driver/Src/stm32f1xx_hal_tim.o
 .text.TIM_ITRx_SetConfig
                0x08005d0e       0x34 ./Drivers/STM32F1xx_HAL_Driver/Src/stm32f1xx_hal_tim.o
 .text.TIM_ETR_SetConfig
                0x08005d42       0x3e ./Drivers/STM32F1xx_HAL_Driver/Src/stm32f1xx_hal_tim.o
                0x08005d42                TIM_ETR_SetConfig
 .text.HAL_TIMEx_MasterConfigSynchronization
                0x08005d80       0xbc ./Drivers/STM32F1xx_HAL_Driver/Src/stm32f1xx_hal_tim_ex.o
                0x08005d80                HAL_TIMEx_MasterConfigSynchronization
 .text.HAL_TIMEx_ConfigBreakDeadTime
                0x08005e3c       0xa2 ./Drivers/STM32F1xx_HAL_Driver/Src/stm32f1xx_hal_tim_ex.o
                0x08005e3c                HAL_TIMEx_ConfigBreakDeadTime
 .text.HAL_TIMEx_CommutCallback
                0x08005ede       0x12 ./Drivers/STM32F1xx_HAL_Driver/Src/stm32f1xx_hal_tim_ex.o
                0x08005ede                HAL_TIMEx_CommutCallback
 .text.HAL_TIMEx_BreakCallback
                0x08005ef0       0x12 ./Drivers/STM32F1xx_HAL_Driver/Src/stm32f1xx_hal_tim_ex.o
                0x08005ef0                HAL_TIMEx_BreakCallback
 .text.HAL_UART_Init
                0x08005f02       0xa0 ./Drivers/STM32F1xx_HAL_Driver/Src/stm32f1xx_hal_uart.o
                0x08005f02                HAL_UART_Init
 .text.HAL_UART_Transmit
                0x08005fa2      0x116 ./Drivers/STM32F1xx_HAL_Driver/Src/stm32f1xx_hal_uart.o
                0x08005fa2                HAL_UART_Transmit
 .text.HAL_UART_Receive_IT
                0x080060b8       0x4a ./Drivers/STM32F1xx_HAL_Driver/Src/stm32f1xx_hal_uart.o
                0x080060b8                HAL_UART_Receive_IT
 .text.UART_WaitOnFlagUntilTimeout
                0x08006102       0xb2 ./Drivers/STM32F1xx_HAL_Driver/Src/stm32f1xx_hal_uart.o
 .text.UART_Start_Receive_IT
                0x080061b4       0x72 ./Drivers/STM32F1xx_HAL_Driver/Src/stm32f1xx_hal_uart.o
                0x080061b4                UART_Start_Receive_IT
 .text.UART_EndRxTransfer
                0x08006226       0xc4 ./Drivers/STM32F1xx_HAL_Driver/Src/stm32f1xx_hal_uart.o
 *fill*         0x080062ea        0x2 
 .text.UART_SetConfig
                0x080062ec      0x11c ./Drivers/STM32F1xx_HAL_Driver/Src/stm32f1xx_hal_uart.o
 .text._scanf_float
                0x08006408      0x414 F:/Programs/ST/STM32CubeIDE/STM32CubeIDE_1.19.0/STM32CubeIDE_1.19.0/STM32CubeIDE/plugins/com.st.stm32cube.ide.mcu.externaltools.gnu-tools-for-stm32.13.3.rel1.win32_1.0.0.202411081344/tools/bin/../lib/gcc/arm-none-eabi/13.3.1/../../../../arm-none-eabi/lib/thumb/v7-m/nofp\libc_nano.a(libc_a-nano-vfscanf_float.o)
                0x08006408                _scanf_float
 .text.std      0x0800681c       0x6c F:/Programs/ST/STM32CubeIDE/STM32CubeIDE_1.19.0/STM32CubeIDE_1.19.0/STM32CubeIDE/plugins/com.st.stm32cube.ide.mcu.externaltools.gnu-tools-for-stm32.13.3.rel1.win32_1.0.0.202411081344/tools/bin/../lib/gcc/arm-none-eabi/13.3.1/../../../../arm-none-eabi/lib/thumb/v7-m/nofp\libc_nano.a(libc_a-findfp.o)
 .text.stdio_exit_handler
                0x08006888       0x18 F:/Programs/ST/STM32CubeIDE/STM32CubeIDE_1.19.0/STM32CubeIDE_1.19.0/STM32CubeIDE/plugins/com.st.stm32cube.ide.mcu.externaltools.gnu-tools-for-stm32.13.3.rel1.win32_1.0.0.202411081344/tools/bin/../lib/gcc/arm-none-eabi/13.3.1/../../../../arm-none-eabi/lib/thumb/v7-m/nofp\libc_nano.a(libc_a-findfp.o)
 .text.cleanup_stdio
                0x080068a0       0x40 F:/Programs/ST/STM32CubeIDE/STM32CubeIDE_1.19.0/STM32CubeIDE_1.19.0/STM32CubeIDE/plugins/com.st.stm32cube.ide.mcu.externaltools.gnu-tools-for-stm32.13.3.rel1.win32_1.0.0.202411081344/tools/bin/../lib/gcc/arm-none-eabi/13.3.1/../../../../arm-none-eabi/lib/thumb/v7-m/nofp\libc_nano.a(libc_a-findfp.o)
 .text.global_stdio_init.part.0
                0x080068e0       0x3c F:/Programs/ST/STM32CubeIDE/STM32CubeIDE_1.19.0/STM32CubeIDE_1.19.0/STM32CubeIDE/plugins/com.st.stm32cube.ide.mcu.externaltools.gnu-tools-for-stm32.13.3.rel1.win32_1.0.0.202411081344/tools/bin/../lib/gcc/arm-none-eabi/13.3.1/../../../../arm-none-eabi/lib/thumb/v7-m/nofp\libc_nano.a(libc_a-findfp.o)
 .text.__sfp_lock_acquire
                0x0800691c        0xc F:/Programs/ST/STM32CubeIDE/STM32CubeIDE_1.19.0/STM32CubeIDE_1.19.0/STM32CubeIDE/plugins/com.st.stm32cube.ide.mcu.externaltools.gnu-tools-for-stm32.13.3.rel1.win32_1.0.0.202411081344/tools/bin/../lib/gcc/arm-none-eabi/13.3.1/../../../../arm-none-eabi/lib/thumb/v7-m/nofp\libc_nano.a(libc_a-findfp.o)
                0x0800691c                __sfp_lock_acquire
 .text.__sfp_lock_release
                0x08006928        0xc F:/Programs/ST/STM32CubeIDE/STM32CubeIDE_1.19.0/STM32CubeIDE_1.19.0/STM32CubeIDE/plugins/com.st.stm32cube.ide.mcu.externaltools.gnu-tools-for-stm32.13.3.rel1.win32_1.0.0.202411081344/tools/bin/../lib/gcc/arm-none-eabi/13.3.1/../../../../arm-none-eabi/lib/thumb/v7-m/nofp\libc_nano.a(libc_a-findfp.o)
                0x08006928                __sfp_lock_release
 .text.__sinit  0x08006934       0x30 F:/Programs/ST/STM32CubeIDE/STM32CubeIDE_1.19.0/STM32CubeIDE_1.19.0/STM32CubeIDE/plugins/com.st.stm32cube.ide.mcu.externaltools.gnu-tools-for-stm32.13.3.rel1.win32_1.0.0.202411081344/tools/bin/../lib/gcc/arm-none-eabi/13.3.1/../../../../arm-none-eabi/lib/thumb/v7-m/nofp\libc_nano.a(libc_a-findfp.o)
                0x08006934                __sinit
 .text._fwalk_sglue
                0x08006964       0x3c F:/Programs/ST/STM32CubeIDE/STM32CubeIDE_1.19.0/STM32CubeIDE_1.19.0/STM32CubeIDE/plugins/com.st.stm32cube.ide.mcu.externaltools.gnu-tools-for-stm32.13.3.rel1.win32_1.0.0.202411081344/tools/bin/../lib/gcc/arm-none-eabi/13.3.1/../../../../arm-none-eabi/lib/thumb/v7-m/nofp\libc_nano.a(libc_a-fwalk.o)
                0x08006964                _fwalk_sglue
 .text.sprintf  0x080069a0       0x44 F:/Programs/ST/STM32CubeIDE/STM32CubeIDE_1.19.0/STM32CubeIDE_1.19.0/STM32CubeIDE/plugins/com.st.stm32cube.ide.mcu.externaltools.gnu-tools-for-stm32.13.3.rel1.win32_1.0.0.202411081344/tools/bin/../lib/gcc/arm-none-eabi/13.3.1/../../../../arm-none-eabi/lib/thumb/v7-m/nofp\libc_nano.a(libc_a-sprintf.o)
                0x080069a0                siprintf
                0x080069a0                sprintf
 .text.sscanf   0x080069e4       0x58 F:/Programs/ST/STM32CubeIDE/STM32CubeIDE_1.19.0/STM32CubeIDE_1.19.0/STM32CubeIDE/plugins/com.st.stm32cube.ide.mcu.externaltools.gnu-tools-for-stm32.13.3.rel1.win32_1.0.0.202411081344/tools/bin/../lib/gcc/arm-none-eabi/13.3.1/../../../../arm-none-eabi/lib/thumb/v7-m/nofp\libc_nano.a(libc_a-sscanf.o)
                0x080069e4                siscanf
                0x080069e4                sscanf
 .text.__sread  0x08006a3c       0x22 F:/Programs/ST/STM32CubeIDE/STM32CubeIDE_1.19.0/STM32CubeIDE_1.19.0/STM32CubeIDE/plugins/com.st.stm32cube.ide.mcu.externaltools.gnu-tools-for-stm32.13.3.rel1.win32_1.0.0.202411081344/tools/bin/../lib/gcc/arm-none-eabi/13.3.1/../../../../arm-none-eabi/lib/thumb/v7-m/nofp\libc_nano.a(libc_a-stdio.o)
                0x08006a3c                __sread
 .text.__seofread
                0x08006a5e        0x4 F:/Programs/ST/STM32CubeIDE/STM32CubeIDE_1.19.0/STM32CubeIDE_1.19.0/STM32CubeIDE/plugins/com.st.stm32cube.ide.mcu.externaltools.gnu-tools-for-stm32.13.3.rel1.win32_1.0.0.202411081344/tools/bin/../lib/gcc/arm-none-eabi/13.3.1/../../../../arm-none-eabi/lib/thumb/v7-m/nofp\libc_nano.a(libc_a-stdio.o)
                0x08006a5e                __seofread
 .text.__swrite
                0x08006a62       0x38 F:/Programs/ST/STM32CubeIDE/STM32CubeIDE_1.19.0/STM32CubeIDE_1.19.0/STM32CubeIDE/plugins/com.st.stm32cube.ide.mcu.externaltools.gnu-tools-for-stm32.13.3.rel1.win32_1.0.0.202411081344/tools/bin/../lib/gcc/arm-none-eabi/13.3.1/../../../../arm-none-eabi/lib/thumb/v7-m/nofp\libc_nano.a(libc_a-stdio.o)
                0x08006a62                __swrite
 .text.__sseek  0x08006a9a       0x24 F:/Programs/ST/STM32CubeIDE/STM32CubeIDE_1.19.0/STM32CubeIDE_1.19.0/STM32CubeIDE/plugins/com.st.stm32cube.ide.mcu.externaltools.gnu-tools-for-stm32.13.3.rel1.win32_1.0.0.202411081344/tools/bin/../lib/gcc/arm-none-eabi/13.3.1/../../../../arm-none-eabi/lib/thumb/v7-m/nofp\libc_nano.a(libc_a-stdio.o)
                0x08006a9a                __sseek
 .text.__sclose
                0x08006abe        0x8 F:/Programs/ST/STM32CubeIDE/STM32CubeIDE_1.19.0/STM32CubeIDE_1.19.0/STM32CubeIDE/plugins/com.st.stm32cube.ide.mcu.externaltools.gnu-tools-for-stm32.13.3.rel1.win32_1.0.0.202411081344/tools/bin/../lib/gcc/arm-none-eabi/13.3.1/../../../../arm-none-eabi/lib/thumb/v7-m/nofp\libc_nano.a(libc_a-stdio.o)
                0x08006abe                __sclose
 .text.memset   0x08006ac6       0x10 F:/Programs/ST/STM32CubeIDE/STM32CubeIDE_1.19.0/STM32CubeIDE_1.19.0/STM32CubeIDE/plugins/com.st.stm32cube.ide.mcu.externaltools.gnu-tools-for-stm32.13.3.rel1.win32_1.0.0.202411081344/tools/bin/../lib/gcc/arm-none-eabi/13.3.1/../../../../arm-none-eabi/lib/thumb/v7-m/nofp\libc_nano.a(libc_a-memset.o)
                0x08006ac6                memset
 *fill*         0x08006ad6        0x2 
 .text._close_r
                0x08006ad8       0x20 F:/Programs/ST/STM32CubeIDE/STM32CubeIDE_1.19.0/STM32CubeIDE_1.19.0/STM32CubeIDE/plugins/com.st.stm32cube.ide.mcu.externaltools.gnu-tools-for-stm32.13.3.rel1.win32_1.0.0.202411081344/tools/bin/../lib/gcc/arm-none-eabi/13.3.1/../../../../arm-none-eabi/lib/thumb/v7-m/nofp\libc_nano.a(libc_a-closer.o)
                0x08006ad8                _close_r
 .text._lseek_r
                0x08006af8       0x24 F:/Programs/ST/STM32CubeIDE/STM32CubeIDE_1.19.0/STM32CubeIDE_1.19.0/STM32CubeIDE/plugins/com.st.stm32cube.ide.mcu.externaltools.gnu-tools-for-stm32.13.3.rel1.win32_1.0.0.202411081344/tools/bin/../lib/gcc/arm-none-eabi/13.3.1/../../../../arm-none-eabi/lib/thumb/v7-m/nofp\libc_nano.a(libc_a-lseekr.o)
                0x08006af8                _lseek_r
 .text._read_r  0x08006b1c       0x24 F:/Programs/ST/STM32CubeIDE/STM32CubeIDE_1.19.0/STM32CubeIDE_1.19.0/STM32CubeIDE/plugins/com.st.stm32cube.ide.mcu.externaltools.gnu-tools-for-stm32.13.3.rel1.win32_1.0.0.202411081344/tools/bin/../lib/gcc/arm-none-eabi/13.3.1/../../../../arm-none-eabi/lib/thumb/v7-m/nofp\libc_nano.a(libc_a-readr.o)
                0x08006b1c                _read_r
 .text._write_r
                0x08006b40       0x24 F:/Programs/ST/STM32CubeIDE/STM32CubeIDE_1.19.0/STM32CubeIDE_1.19.0/STM32CubeIDE/plugins/com.st.stm32cube.ide.mcu.externaltools.gnu-tools-for-stm32.13.3.rel1.win32_1.0.0.202411081344/tools/bin/../lib/gcc/arm-none-eabi/13.3.1/../../../../arm-none-eabi/lib/thumb/v7-m/nofp\libc_nano.a(libc_a-writer.o)
                0x08006b40                _write_r
 .text.__errno  0x08006b64        0xc F:/Programs/ST/STM32CubeIDE/STM32CubeIDE_1.19.0/STM32CubeIDE_1.19.0/STM32CubeIDE/plugins/com.st.stm32cube.ide.mcu.externaltools.gnu-tools-for-stm32.13.3.rel1.win32_1.0.0.202411081344/tools/bin/../lib/gcc/arm-none-eabi/13.3.1/../../../../arm-none-eabi/lib/thumb/v7-m/nofp\libc_nano.a(libc_a-errno.o)
                0x08006b64                __errno
 .text.__libc_init_array
                0x08006b70       0x48 F:/Programs/ST/STM32CubeIDE/STM32CubeIDE_1.19.0/STM32CubeIDE_1.19.0/STM32CubeIDE/plugins/com.st.stm32cube.ide.mcu.externaltools.gnu-tools-for-stm32.13.3.rel1.win32_1.0.0.202411081344/tools/bin/../lib/gcc/arm-none-eabi/13.3.1/../../../../arm-none-eabi/lib/thumb/v7-m/nofp\libc_nano.a(libc_a-init.o)
                0x08006b70                __libc_init_array
 .text.__retarget_lock_init_recursive
                0x08006bb8        0x2 F:/Programs/ST/STM32CubeIDE/STM32CubeIDE_1.19.0/STM32CubeIDE_1.19.0/STM32CubeIDE/plugins/com.st.stm32cube.ide.mcu.externaltools.gnu-tools-for-stm32.13.3.rel1.win32_1.0.0.202411081344/tools/bin/../lib/gcc/arm-none-eabi/13.3.1/../../../../arm-none-eabi/lib/thumb/v7-m/nofp\libc_nano.a(libc_a-lock.o)
                0x08006bb8                __retarget_lock_init_recursive
 .text.__retarget_lock_acquire_recursive
                0x08006bba        0x2 F:/Programs/ST/STM32CubeIDE/STM32CubeIDE_1.19.0/STM32CubeIDE_1.19.0/STM32CubeIDE/plugins/com.st.stm32cube.ide.mcu.externaltools.gnu-tools-for-stm32.13.3.rel1.win32_1.0.0.202411081344/tools/bin/../lib/gcc/arm-none-eabi/13.3.1/../../../../arm-none-eabi/lib/thumb/v7-m/nofp\libc_nano.a(libc_a-lock.o)
                0x08006bba                __retarget_lock_acquire_recursive
 .text.__retarget_lock_release_recursive
                0x08006bbc        0x2 F:/Programs/ST/STM32CubeIDE/STM32CubeIDE_1.19.0/STM32CubeIDE_1.19.0/STM32CubeIDE/plugins/com.st.stm32cube.ide.mcu.externaltools.gnu-tools-for-stm32.13.3.rel1.win32_1.0.0.202411081344/tools/bin/../lib/gcc/arm-none-eabi/13.3.1/../../../../arm-none-eabi/lib/thumb/v7-m/nofp\libc_nano.a(libc_a-lock.o)
                0x08006bbc                __retarget_lock_release_recursive
 *fill*         0x08006bbe        0x2 
 .text.nanf     0x08006bc0        0x8 F:/Programs/ST/STM32CubeIDE/STM32CubeIDE_1.19.0/STM32CubeIDE_1.19.0/STM32CubeIDE/plugins/com.st.stm32cube.ide.mcu.externaltools.gnu-tools-for-stm32.13.3.rel1.win32_1.0.0.202411081344/tools/bin/../lib/gcc/arm-none-eabi/13.3.1/../../../../arm-none-eabi/lib/thumb/v7-m/nofp\libc_nano.a(libm_a-sf_nan.o)
                0x08006bc0                nanf
 .text._free_r  0x08006bc8       0x90 F:/Programs/ST/STM32CubeIDE/STM32CubeIDE_1.19.0/STM32CubeIDE_1.19.0/STM32CubeIDE/plugins/com.st.stm32cube.ide.mcu.externaltools.gnu-tools-for-stm32.13.3.rel1.win32_1.0.0.202411081344/tools/bin/../lib/gcc/arm-none-eabi/13.3.1/../../../../arm-none-eabi/lib/thumb/v7-m/nofp\libc_nano.a(libc_a-freer.o)
                0x08006bc8                _free_r
 .text.sbrk_aligned
                0x08006c58       0x44 F:/Programs/ST/STM32CubeIDE/STM32CubeIDE_1.19.0/STM32CubeIDE_1.19.0/STM32CubeIDE/plugins/com.st.stm32cube.ide.mcu.externaltools.gnu-tools-for-stm32.13.3.rel1.win32_1.0.0.202411081344/tools/bin/../lib/gcc/arm-none-eabi/13.3.1/../../../../arm-none-eabi/lib/thumb/v7-m/nofp\libc_nano.a(libc_a-mallocr.o)
 .text._malloc_r
                0x08006c9c      0x100 F:/Programs/ST/STM32CubeIDE/STM32CubeIDE_1.19.0/STM32CubeIDE_1.19.0/STM32CubeIDE/plugins/com.st.stm32cube.ide.mcu.externaltools.gnu-tools-for-stm32.13.3.rel1.win32_1.0.0.202411081344/tools/bin/../lib/gcc/arm-none-eabi/13.3.1/../../../../arm-none-eabi/lib/thumb/v7-m/nofp\libc_nano.a(libc_a-mallocr.o)
                0x08006c9c                _malloc_r
 .text.__malloc_lock
                0x08006d9c        0xc F:/Programs/ST/STM32CubeIDE/STM32CubeIDE_1.19.0/STM32CubeIDE_1.19.0/STM32CubeIDE/plugins/com.st.stm32cube.ide.mcu.externaltools.gnu-tools-for-stm32.13.3.rel1.win32_1.0.0.202411081344/tools/bin/../lib/gcc/arm-none-eabi/13.3.1/../../../../arm-none-eabi/lib/thumb/v7-m/nofp\libc_nano.a(libc_a-mlock.o)
                0x08006d9c                __malloc_lock
 .text.__malloc_unlock
                0x08006da8        0xc F:/Programs/ST/STM32CubeIDE/STM32CubeIDE_1.19.0/STM32CubeIDE_1.19.0/STM32CubeIDE/plugins/com.st.stm32cube.ide.mcu.externaltools.gnu-tools-for-stm32.13.3.rel1.win32_1.0.0.202411081344/tools/bin/../lib/gcc/arm-none-eabi/13.3.1/../../../../arm-none-eabi/lib/thumb/v7-m/nofp\libc_nano.a(libc_a-mlock.o)
                0x08006da8                __malloc_unlock
 .text.sulp     0x08006db4       0x42 F:/Programs/ST/STM32CubeIDE/STM32CubeIDE_1.19.0/STM32CubeIDE_1.19.0/STM32CubeIDE/plugins/com.st.stm32cube.ide.mcu.externaltools.gnu-tools-for-stm32.13.3.rel1.win32_1.0.0.202411081344/tools/bin/../lib/gcc/arm-none-eabi/13.3.1/../../../../arm-none-eabi/lib/thumb/v7-m/nofp\libc_nano.a(libc_a-strtod.o)
 *fill*         0x08006df6        0x2 
 .text._strtod_l
                0x08006df8      0xbb0 F:/Programs/ST/STM32CubeIDE/STM32CubeIDE_1.19.0/STM32CubeIDE_1.19.0/STM32CubeIDE/plugins/com.st.stm32cube.ide.mcu.externaltools.gnu-tools-for-stm32.13.3.rel1.win32_1.0.0.202411081344/tools/bin/../lib/gcc/arm-none-eabi/13.3.1/../../../../arm-none-eabi/lib/thumb/v7-m/nofp\libc_nano.a(libc_a-strtod.o)
                0x08006df8                _strtod_l
 .text._strtod_r
                0x080079a8        0xc F:/Programs/ST/STM32CubeIDE/STM32CubeIDE_1.19.0/STM32CubeIDE_1.19.0/STM32CubeIDE/plugins/com.st.stm32cube.ide.mcu.externaltools.gnu-tools-for-stm32.13.3.rel1.win32_1.0.0.202411081344/tools/bin/../lib/gcc/arm-none-eabi/13.3.1/../../../../arm-none-eabi/lib/thumb/v7-m/nofp\libc_nano.a(libc_a-strtod.o)
                0x080079a8                _strtod_r
 .text._strtol_l.isra.0
                0x080079b4       0xf4 F:/Programs/ST/STM32CubeIDE/STM32CubeIDE_1.19.0/STM32CubeIDE_1.19.0/STM32CubeIDE/plugins/com.st.stm32cube.ide.mcu.externaltools.gnu-tools-for-stm32.13.3.rel1.win32_1.0.0.202411081344/tools/bin/../lib/gcc/arm-none-eabi/13.3.1/../../../../arm-none-eabi/lib/thumb/v7-m/nofp\libc_nano.a(libc_a-strtol.o)
 .text._strtol_r
                0x08007aa8        0x4 F:/Programs/ST/STM32CubeIDE/STM32CubeIDE_1.19.0/STM32CubeIDE_1.19.0/STM32CubeIDE/plugins/com.st.stm32cube.ide.mcu.externaltools.gnu-tools-for-stm32.13.3.rel1.win32_1.0.0.202411081344/tools/bin/../lib/gcc/arm-none-eabi/13.3.1/../../../../arm-none-eabi/lib/thumb/v7-m/nofp\libc_nano.a(libc_a-strtol.o)
                0x08007aa8                _strtol_r
 .text.__ssputs_r
                0x08007aac       0xb6 F:/Programs/ST/STM32CubeIDE/STM32CubeIDE_1.19.0/STM32CubeIDE_1.19.0/STM32CubeIDE/plugins/com.st.stm32cube.ide.mcu.externaltools.gnu-tools-for-stm32.13.3.rel1.win32_1.0.0.202411081344/tools/bin/../lib/gcc/arm-none-eabi/13.3.1/../../../../arm-none-eabi/lib/thumb/v7-m/nofp\libc_nano.a(libc_a-nano-svfprintf.o)
                0x08007aac                __ssputs_r
 *fill*         0x08007b62        0x2 
 .text._svfprintf_r
                0x08007b64      0x1f8 F:/Programs/ST/STM32CubeIDE/STM32CubeIDE_1.19.0/STM32CubeIDE_1.19.0/STM32CubeIDE/plugins/com.st.stm32cube.ide.mcu.externaltools.gnu-tools-for-stm32.13.3.rel1.win32_1.0.0.202411081344/tools/bin/../lib/gcc/arm-none-eabi/13.3.1/../../../../arm-none-eabi/lib/thumb/v7-m/nofp\libc_nano.a(libc_a-nano-svfprintf.o)
                0x08007b64                _svfiprintf_r
                0x08007b64                _svfprintf_r
 .text._sungetc_r
                0x08007d5c       0x7a F:/Programs/ST/STM32CubeIDE/STM32CubeIDE_1.19.0/STM32CubeIDE_1.19.0/STM32CubeIDE/plugins/com.st.stm32cube.ide.mcu.externaltools.gnu-tools-for-stm32.13.3.rel1.win32_1.0.0.202411081344/tools/bin/../lib/gcc/arm-none-eabi/13.3.1/../../../../arm-none-eabi/lib/thumb/v7-m/nofp\libc_nano.a(libc_a-nano-svfscanf.o)
                0x08007d5c                _sungetc_r
 .text.__ssrefill_r
                0x08007dd6       0x3a F:/Programs/ST/STM32CubeIDE/STM32CubeIDE_1.19.0/STM32CubeIDE_1.19.0/STM32CubeIDE/plugins/com.st.stm32cube.ide.mcu.externaltools.gnu-tools-for-stm32.13.3.rel1.win32_1.0.0.202411081344/tools/bin/../lib/gcc/arm-none-eabi/13.3.1/../../../../arm-none-eabi/lib/thumb/v7-m/nofp\libc_nano.a(libc_a-nano-svfscanf.o)
                0x08007dd6                __ssrefill_r
 .text.__ssvfscanf_r
                0x08007e10      0x2e8 F:/Programs/ST/STM32CubeIDE/STM32CubeIDE_1.19.0/STM32CubeIDE_1.19.0/STM32CubeIDE/plugins/com.st.stm32cube.ide.mcu.externaltools.gnu-tools-for-stm32.13.3.rel1.win32_1.0.0.202411081344/tools/bin/../lib/gcc/arm-none-eabi/13.3.1/../../../../arm-none-eabi/lib/thumb/v7-m/nofp\libc_nano.a(libc_a-nano-svfscanf.o)
                0x08007e10                __ssvfiscanf_r
                0x08007e10                __ssvfscanf_r
 .text._printf_common
                0x080080f8       0xe4 F:/Programs/ST/STM32CubeIDE/STM32CubeIDE_1.19.0/STM32CubeIDE_1.19.0/STM32CubeIDE/plugins/com.st.stm32cube.ide.mcu.externaltools.gnu-tools-for-stm32.13.3.rel1.win32_1.0.0.202411081344/tools/bin/../lib/gcc/arm-none-eabi/13.3.1/../../../../arm-none-eabi/lib/thumb/v7-m/nofp\libc_nano.a(libc_a-nano-vfprintf_i.o)
                0x080080f8                _printf_common
 .text._printf_i
                0x080081dc      0x23c F:/Programs/ST/STM32CubeIDE/STM32CubeIDE_1.19.0/STM32CubeIDE_1.19.0/STM32CubeIDE/plugins/com.st.stm32cube.ide.mcu.externaltools.gnu-tools-for-stm32.13.3.rel1.win32_1.0.0.202411081344/tools/bin/../lib/gcc/arm-none-eabi/13.3.1/../../../../arm-none-eabi/lib/thumb/v7-m/nofp\libc_nano.a(libc_a-nano-vfprintf_i.o)
                0x080081dc                _printf_i
 .text._scanf_chars
                0x08008418       0xb4 F:/Programs/ST/STM32CubeIDE/STM32CubeIDE_1.19.0/STM32CubeIDE_1.19.0/STM32CubeIDE/plugins/com.st.stm32cube.ide.mcu.externaltools.gnu-tools-for-stm32.13.3.rel1.win32_1.0.0.202411081344/tools/bin/../lib/gcc/arm-none-eabi/13.3.1/../../../../arm-none-eabi/lib/thumb/v7-m/nofp\libc_nano.a(libc_a-nano-vfscanf_i.o)
                0x08008418                _scanf_chars
 .text._scanf_i
                0x080084cc      0x1e4 F:/Programs/ST/STM32CubeIDE/STM32CubeIDE_1.19.0/STM32CubeIDE_1.19.0/STM32CubeIDE/plugins/com.st.stm32cube.ide.mcu.externaltools.gnu-tools-for-stm32.13.3.rel1.win32_1.0.0.202411081344/tools/bin/../lib/gcc/arm-none-eabi/13.3.1/../../../../arm-none-eabi/lib/thumb/v7-m/nofp\libc_nano.a(libc_a-nano-vfscanf_i.o)
                0x080084cc                _scanf_i
 .text.__sflush_r
                0x080086b0      0x100 F:/Programs/ST/STM32CubeIDE/STM32CubeIDE_1.19.0/STM32CubeIDE_1.19.0/STM32CubeIDE/plugins/com.st.stm32cube.ide.mcu.externaltools.gnu-tools-for-stm32.13.3.rel1.win32_1.0.0.202411081344/tools/bin/../lib/gcc/arm-none-eabi/13.3.1/../../../../arm-none-eabi/lib/thumb/v7-m/nofp\libc_nano.a(libc_a-fflush.o)
                0x080086b0                __sflush_r
 .text._fflush_r
                0x080087b0       0x50 F:/Programs/ST/STM32CubeIDE/STM32CubeIDE_1.19.0/STM32CubeIDE_1.19.0/STM32CubeIDE/plugins/com.st.stm32cube.ide.mcu.externaltools.gnu-tools-for-stm32.13.3.rel1.win32_1.0.0.202411081344/tools/bin/../lib/gcc/arm-none-eabi/13.3.1/../../../../arm-none-eabi/lib/thumb/v7-m/nofp\libc_nano.a(libc_a-fflush.o)
                0x080087b0                _fflush_r
 .text.__sccl   0x08008800       0x72 F:/Programs/ST/STM32CubeIDE/STM32CubeIDE_1.19.0/STM32CubeIDE_1.19.0/STM32CubeIDE/plugins/com.st.stm32cube.ide.mcu.externaltools.gnu-tools-for-stm32.13.3.rel1.win32_1.0.0.202411081344/tools/bin/../lib/gcc/arm-none-eabi/13.3.1/../../../../arm-none-eabi/lib/thumb/v7-m/nofp\libc_nano.a(libc_a-sccl.o)
                0x08008800                __sccl
 .text.__submore
                0x08008872       0x70 F:/Programs/ST/STM32CubeIDE/STM32CubeIDE_1.19.0/STM32CubeIDE_1.19.0/STM32CubeIDE/plugins/com.st.stm32cube.ide.mcu.externaltools.gnu-tools-for-stm32.13.3.rel1.win32_1.0.0.202411081344/tools/bin/../lib/gcc/arm-none-eabi/13.3.1/../../../../arm-none-eabi/lib/thumb/v7-m/nofp\libc_nano.a(libc_a-ungetc.o)
                0x08008872                __submore
 .text.memmove  0x080088e2       0x34 F:/Programs/ST/STM32CubeIDE/STM32CubeIDE_1.19.0/STM32CubeIDE_1.19.0/STM32CubeIDE/plugins/com.st.stm32cube.ide.mcu.externaltools.gnu-tools-for-stm32.13.3.rel1.win32_1.0.0.202411081344/tools/bin/../lib/gcc/arm-none-eabi/13.3.1/../../../../arm-none-eabi/lib/thumb/v7-m/nofp\libc_nano.a(libc_a-memmove.o)
                0x080088e2                memmove
 .text.strncmp  0x08008916       0x24 F:/Programs/ST/STM32CubeIDE/STM32CubeIDE_1.19.0/STM32CubeIDE_1.19.0/STM32CubeIDE/plugins/com.st.stm32cube.ide.mcu.externaltools.gnu-tools-for-stm32.13.3.rel1.win32_1.0.0.202411081344/tools/bin/../lib/gcc/arm-none-eabi/13.3.1/../../../../arm-none-eabi/lib/thumb/v7-m/nofp\libc_nano.a(libc_a-strncmp.o)
                0x08008916                strncmp
 *fill*         0x0800893a        0x2 
 .text._sbrk_r  0x0800893c       0x20 F:/Programs/ST/STM32CubeIDE/STM32CubeIDE_1.19.0/STM32CubeIDE_1.19.0/STM32CubeIDE/plugins/com.st.stm32cube.ide.mcu.externaltools.gnu-tools-for-stm32.13.3.rel1.win32_1.0.0.202411081344/tools/bin/../lib/gcc/arm-none-eabi/13.3.1/../../../../arm-none-eabi/lib/thumb/v7-m/nofp\libc_nano.a(libc_a-sbrkr.o)
                0x0800893c                _sbrk_r
 .text.memchr   0x0800895c       0x1c F:/Programs/ST/STM32CubeIDE/STM32CubeIDE_1.19.0/STM32CubeIDE_1.19.0/STM32CubeIDE/plugins/com.st.stm32cube.ide.mcu.externaltools.gnu-tools-for-stm32.13.3.rel1.win32_1.0.0.202411081344/tools/bin/../lib/gcc/arm-none-eabi/13.3.1/../../../../arm-none-eabi/lib/thumb/v7-m/nofp\libc_nano.a(libc_a-memchr-stub.o)
                0x0800895c                memchr
 .text.memcpy   0x08008978       0x1c F:/Programs/ST/STM32CubeIDE/STM32CubeIDE_1.19.0/STM32CubeIDE_1.19.0/STM32CubeIDE/plugins/com.st.stm32cube.ide.mcu.externaltools.gnu-tools-for-stm32.13.3.rel1.win32_1.0.0.202411081344/tools/bin/../lib/gcc/arm-none-eabi/13.3.1/../../../../arm-none-eabi/lib/thumb/v7-m/nofp\libc_nano.a(libc_a-memcpy-stub.o)
                0x08008978                memcpy
 .text.nan      0x08008994        0xc F:/Programs/ST/STM32CubeIDE/STM32CubeIDE_1.19.0/STM32CubeIDE_1.19.0/STM32CubeIDE/plugins/com.st.stm32cube.ide.mcu.externaltools.gnu-tools-for-stm32.13.3.rel1.win32_1.0.0.202411081344/tools/bin/../lib/gcc/arm-none-eabi/13.3.1/../../../../arm-none-eabi/lib/thumb/v7-m/nofp\libc_nano.a(libm_a-s_nan.o)
                0x08008994                nan
 .text.rshift   0x080089a0       0xa6 F:/Programs/ST/STM32CubeIDE/STM32CubeIDE_1.19.0/STM32CubeIDE_1.19.0/STM32CubeIDE/plugins/com.st.stm32cube.ide.mcu.externaltools.gnu-tools-for-stm32.13.3.rel1.win32_1.0.0.202411081344/tools/bin/../lib/gcc/arm-none-eabi/13.3.1/../../../../arm-none-eabi/lib/thumb/v7-m/nofp\libc_nano.a(libc_a-gdtoa-gethex.o)
 .text.__hexdig_fun
                0x08008a46       0x2a F:/Programs/ST/STM32CubeIDE/STM32CubeIDE_1.19.0/STM32CubeIDE_1.19.0/STM32CubeIDE/plugins/com.st.stm32cube.ide.mcu.externaltools.gnu-tools-for-stm32.13.3.rel1.win32_1.0.0.202411081344/tools/bin/../lib/gcc/arm-none-eabi/13.3.1/../../../../arm-none-eabi/lib/thumb/v7-m/nofp\libc_nano.a(libc_a-gdtoa-gethex.o)
                0x08008a46                __hexdig_fun
 .text.__gethex
                0x08008a70      0x420 F:/Programs/ST/STM32CubeIDE/STM32CubeIDE_1.19.0/STM32CubeIDE_1.19.0/STM32CubeIDE/plugins/com.st.stm32cube.ide.mcu.externaltools.gnu-tools-for-stm32.13.3.rel1.win32_1.0.0.202411081344/tools/bin/../lib/gcc/arm-none-eabi/13.3.1/../../../../arm-none-eabi/lib/thumb/v7-m/nofp\libc_nano.a(libc_a-gdtoa-gethex.o)
                0x08008a70                __gethex
 .text.L_shift  0x08008e90       0x24 F:/Programs/ST/STM32CubeIDE/STM32CubeIDE_1.19.0/STM32CubeIDE_1.19.0/STM32CubeIDE/plugins/com.st.stm32cube.ide.mcu.externaltools.gnu-tools-for-stm32.13.3.rel1.win32_1.0.0.202411081344/tools/bin/../lib/gcc/arm-none-eabi/13.3.1/../../../../arm-none-eabi/lib/thumb/v7-m/nofp\libc_nano.a(libc_a-gdtoa-hexnan.o)
 .text.__match  0x08008eb4       0x28 F:/Programs/ST/STM32CubeIDE/STM32CubeIDE_1.19.0/STM32CubeIDE_1.19.0/STM32CubeIDE/plugins/com.st.stm32cube.ide.mcu.externaltools.gnu-tools-for-stm32.13.3.rel1.win32_1.0.0.202411081344/tools/bin/../lib/gcc/arm-none-eabi/13.3.1/../../../../arm-none-eabi/lib/thumb/v7-m/nofp\libc_nano.a(libc_a-gdtoa-hexnan.o)
                0x08008eb4                __match
 .text.__hexnan
                0x08008edc      0x136 F:/Programs/ST/STM32CubeIDE/STM32CubeIDE_1.19.0/STM32CubeIDE_1.19.0/STM32CubeIDE/plugins/com.st.stm32cube.ide.mcu.externaltools.gnu-tools-for-stm32.13.3.rel1.win32_1.0.0.202411081344/tools/bin/../lib/gcc/arm-none-eabi/13.3.1/../../../../arm-none-eabi/lib/thumb/v7-m/nofp\libc_nano.a(libc_a-gdtoa-hexnan.o)
                0x08008edc                __hexnan
 .text.__ascii_mbtowc
                0x08009012       0x24 F:/Programs/ST/STM32CubeIDE/STM32CubeIDE_1.19.0/STM32CubeIDE_1.19.0/STM32CubeIDE/plugins/com.st.stm32cube.ide.mcu.externaltools.gnu-tools-for-stm32.13.3.rel1.win32_1.0.0.202411081344/tools/bin/../lib/gcc/arm-none-eabi/13.3.1/../../../../arm-none-eabi/lib/thumb/v7-m/nofp\libc_nano.a(libc_a-mbtowc_r.o)
                0x08009012                __ascii_mbtowc
 *fill*         0x08009036        0x2 
 .text._Balloc  0x08009038       0x80 F:/Programs/ST/STM32CubeIDE/STM32CubeIDE_1.19.0/STM32CubeIDE_1.19.0/STM32CubeIDE/plugins/com.st.stm32cube.ide.mcu.externaltools.gnu-tools-for-stm32.13.3.rel1.win32_1.0.0.202411081344/tools/bin/../lib/gcc/arm-none-eabi/13.3.1/../../../../arm-none-eabi/lib/thumb/v7-m/nofp\libc_nano.a(libc_a-mprec.o)
                0x08009038                _Balloc
 .text._Bfree   0x080090b8       0x44 F:/Programs/ST/STM32CubeIDE/STM32CubeIDE_1.19.0/STM32CubeIDE_1.19.0/STM32CubeIDE/plugins/com.st.stm32cube.ide.mcu.externaltools.gnu-tools-for-stm32.13.3.rel1.win32_1.0.0.202411081344/tools/bin/../lib/gcc/arm-none-eabi/13.3.1/../../../../arm-none-eabi/lib/thumb/v7-m/nofp\libc_nano.a(libc_a-mprec.o)
                0x080090b8                _Bfree
 .text.__multadd
                0x080090fc       0x8c F:/Programs/ST/STM32CubeIDE/STM32CubeIDE_1.19.0/STM32CubeIDE_1.19.0/STM32CubeIDE/plugins/com.st.stm32cube.ide.mcu.externaltools.gnu-tools-for-stm32.13.3.rel1.win32_1.0.0.202411081344/tools/bin/../lib/gcc/arm-none-eabi/13.3.1/../../../../arm-none-eabi/lib/thumb/v7-m/nofp\libc_nano.a(libc_a-mprec.o)
                0x080090fc                __multadd
 .text.__s2b    0x08009188       0x94 F:/Programs/ST/STM32CubeIDE/STM32CubeIDE_1.19.0/STM32CubeIDE_1.19.0/STM32CubeIDE/plugins/com.st.stm32cube.ide.mcu.externaltools.gnu-tools-for-stm32.13.3.rel1.win32_1.0.0.202411081344/tools/bin/../lib/gcc/arm-none-eabi/13.3.1/../../../../arm-none-eabi/lib/thumb/v7-m/nofp\libc_nano.a(libc_a-mprec.o)
                0x08009188                __s2b
 .text.__hi0bits
                0x0800921c       0x3e F:/Programs/ST/STM32CubeIDE/STM32CubeIDE_1.19.0/STM32CubeIDE_1.19.0/STM32CubeIDE/plugins/com.st.stm32cube.ide.mcu.externaltools.gnu-tools-for-stm32.13.3.rel1.win32_1.0.0.202411081344/tools/bin/../lib/gcc/arm-none-eabi/13.3.1/../../../../arm-none-eabi/lib/thumb/v7-m/nofp\libc_nano.a(libc_a-mprec.o)
                0x0800921c                __hi0bits
 .text.__lo0bits
                0x0800925a       0x5a F:/Programs/ST/STM32CubeIDE/STM32CubeIDE_1.19.0/STM32CubeIDE_1.19.0/STM32CubeIDE/plugins/com.st.stm32cube.ide.mcu.externaltools.gnu-tools-for-stm32.13.3.rel1.win32_1.0.0.202411081344/tools/bin/../lib/gcc/arm-none-eabi/13.3.1/../../../../arm-none-eabi/lib/thumb/v7-m/nofp\libc_nano.a(libc_a-mprec.o)
                0x0800925a                __lo0bits
 .text.__i2b    0x080092b4       0x2c F:/Programs/ST/STM32CubeIDE/STM32CubeIDE_1.19.0/STM32CubeIDE_1.19.0/STM32CubeIDE/plugins/com.st.stm32cube.ide.mcu.externaltools.gnu-tools-for-stm32.13.3.rel1.win32_1.0.0.202411081344/tools/bin/../lib/gcc/arm-none-eabi/13.3.1/../../../../arm-none-eabi/lib/thumb/v7-m/nofp\libc_nano.a(libc_a-mprec.o)
                0x080092b4                __i2b
 .text.__multiply
                0x080092e0      0x144 F:/Programs/ST/STM32CubeIDE/STM32CubeIDE_1.19.0/STM32CubeIDE_1.19.0/STM32CubeIDE/plugins/com.st.stm32cube.ide.mcu.externaltools.gnu-tools-for-stm32.13.3.rel1.win32_1.0.0.202411081344/tools/bin/../lib/gcc/arm-none-eabi/13.3.1/../../../../arm-none-eabi/lib/thumb/v7-m/nofp\libc_nano.a(libc_a-mprec.o)
                0x080092e0                __multiply
 .text.__pow5mult
                0x08009424       0xb4 F:/Programs/ST/STM32CubeIDE/STM32CubeIDE_1.19.0/STM32CubeIDE_1.19.0/STM32CubeIDE/plugins/com.st.stm32cube.ide.mcu.externaltools.gnu-tools-for-stm32.13.3.rel1.win32_1.0.0.202411081344/tools/bin/../lib/gcc/arm-none-eabi/13.3.1/../../../../arm-none-eabi/lib/thumb/v7-m/nofp\libc_nano.a(libc_a-mprec.o)
                0x08009424                __pow5mult
 .text.__lshift
                0x080094d8       0xd8 F:/Programs/ST/STM32CubeIDE/STM32CubeIDE_1.19.0/STM32CubeIDE_1.19.0/STM32CubeIDE/plugins/com.st.stm32cube.ide.mcu.externaltools.gnu-tools-for-stm32.13.3.rel1.win32_1.0.0.202411081344/tools/bin/../lib/gcc/arm-none-eabi/13.3.1/../../../../arm-none-eabi/lib/thumb/v7-m/nofp\libc_nano.a(libc_a-mprec.o)
                0x080094d8                __lshift
 .text.__mcmp   0x080095b0       0x36 F:/Programs/ST/STM32CubeIDE/STM32CubeIDE_1.19.0/STM32CubeIDE_1.19.0/STM32CubeIDE/plugins/com.st.stm32cube.ide.mcu.externaltools.gnu-tools-for-stm32.13.3.rel1.win32_1.0.0.202411081344/tools/bin/../lib/gcc/arm-none-eabi/13.3.1/../../../../arm-none-eabi/lib/thumb/v7-m/nofp\libc_nano.a(libc_a-mprec.o)
                0x080095b0                __mcmp
 *fill*         0x080095e6        0x2 
 .text.__mdiff  0x080095e8      0x128 F:/Programs/ST/STM32CubeIDE/STM32CubeIDE_1.19.0/STM32CubeIDE_1.19.0/STM32CubeIDE/plugins/com.st.stm32cube.ide.mcu.externaltools.gnu-tools-for-stm32.13.3.rel1.win32_1.0.0.202411081344/tools/bin/../lib/gcc/arm-none-eabi/13.3.1/../../../../arm-none-eabi/lib/thumb/v7-m/nofp\libc_nano.a(libc_a-mprec.o)
                0x080095e8                __mdiff
 .text.__ulp    0x08009710       0x40 F:/Programs/ST/STM32CubeIDE/STM32CubeIDE_1.19.0/STM32CubeIDE_1.19.0/STM32CubeIDE/plugins/com.st.stm32cube.ide.mcu.externaltools.gnu-tools-for-stm32.13.3.rel1.win32_1.0.0.202411081344/tools/bin/../lib/gcc/arm-none-eabi/13.3.1/../../../../arm-none-eabi/lib/thumb/v7-m/nofp\libc_nano.a(libc_a-mprec.o)
                0x08009710                __ulp
 .text.__b2d    0x08009750       0x90 F:/Programs/ST/STM32CubeIDE/STM32CubeIDE_1.19.0/STM32CubeIDE_1.19.0/STM32CubeIDE/plugins/com.st.stm32cube.ide.mcu.externaltools.gnu-tools-for-stm32.13.3.rel1.win32_1.0.0.202411081344/tools/bin/../lib/gcc/arm-none-eabi/13.3.1/../../../../arm-none-eabi/lib/thumb/v7-m/nofp\libc_nano.a(libc_a-mprec.o)
                0x08009750                __b2d
 .text.__d2b    0x080097e0       0xb0 F:/Programs/ST/STM32CubeIDE/STM32CubeIDE_1.19.0/STM32CubeIDE_1.19.0/STM32CubeIDE/plugins/com.st.stm32cube.ide.mcu.externaltools.gnu-tools-for-stm32.13.3.rel1.win32_1.0.0.202411081344/tools/bin/../lib/gcc/arm-none-eabi/13.3.1/../../../../arm-none-eabi/lib/thumb/v7-m/nofp\libc_nano.a(libc_a-mprec.o)
                0x080097e0                __d2b
 .text.__ratio  0x08009890       0x60 F:/Programs/ST/STM32CubeIDE/STM32CubeIDE_1.19.0/STM32CubeIDE_1.19.0/STM32CubeIDE/plugins/com.st.stm32cube.ide.mcu.externaltools.gnu-tools-for-stm32.13.3.rel1.win32_1.0.0.202411081344/tools/bin/../lib/gcc/arm-none-eabi/13.3.1/../../../../arm-none-eabi/lib/thumb/v7-m/nofp\libc_nano.a(libc_a-mprec.o)
                0x08009890                __ratio
 .text.__copybits
                0x080098f0       0x46 F:/Programs/ST/STM32CubeIDE/STM32CubeIDE_1.19.0/STM32CubeIDE_1.19.0/STM32CubeIDE/plugins/com.st.stm32cube.ide.mcu.externaltools.gnu-tools-for-stm32.13.3.rel1.win32_1.0.0.202411081344/tools/bin/../lib/gcc/arm-none-eabi/13.3.1/../../../../arm-none-eabi/lib/thumb/v7-m/nofp\libc_nano.a(libc_a-mprec.o)
                0x080098f0                __copybits
 .text.__any_on
                0x08009936       0x42 F:/Programs/ST/STM32CubeIDE/STM32CubeIDE_1.19.0/STM32CubeIDE_1.19.0/STM32CubeIDE/plugins/com.st.stm32cube.ide.mcu.externaltools.gnu-tools-for-stm32.13.3.rel1.win32_1.0.0.202411081344/tools/bin/../lib/gcc/arm-none-eabi/13.3.1/../../../../arm-none-eabi/lib/thumb/v7-m/nofp\libc_nano.a(libc_a-mprec.o)
                0x08009936                __any_on
 .text._realloc_r
                0x08009978       0x5c F:/Programs/ST/STM32CubeIDE/STM32CubeIDE_1.19.0/STM32CubeIDE_1.19.0/STM32CubeIDE/plugins/com.st.stm32cube.ide.mcu.externaltools.gnu-tools-for-stm32.13.3.rel1.win32_1.0.0.202411081344/tools/bin/../lib/gcc/arm-none-eabi/13.3.1/../../../../arm-none-eabi/lib/thumb/v7-m/nofp\libc_nano.a(libc_a-reallocr.o)
                0x08009978                _realloc_r
 .text._strtoul_l.isra.0
                0x080099d4       0xdc F:/Programs/ST/STM32CubeIDE/STM32CubeIDE_1.19.0/STM32CubeIDE_1.19.0/STM32CubeIDE/plugins/com.st.stm32cube.ide.mcu.externaltools.gnu-tools-for-stm32.13.3.rel1.win32_1.0.0.202411081344/tools/bin/../lib/gcc/arm-none-eabi/13.3.1/../../../../arm-none-eabi/lib/thumb/v7-m/nofp\libc_nano.a(libc_a-strtoul.o)
 .text._strtoul_r
                0x08009ab0        0x4 F:/Programs/ST/STM32CubeIDE/STM32CubeIDE_1.19.0/STM32CubeIDE_1.19.0/STM32CubeIDE/plugins/com.st.stm32cube.ide.mcu.externaltools.gnu-tools-for-stm32.13.3.rel1.win32_1.0.0.202411081344/tools/bin/../lib/gcc/arm-none-eabi/13.3.1/../../../../arm-none-eabi/lib/thumb/v7-m/nofp\libc_nano.a(libc_a-strtoul.o)
                0x08009ab0                _strtoul_r
 .text.__ascii_wctomb
                0x08009ab4       0x1a F:/Programs/ST/STM32CubeIDE/STM32CubeIDE_1.19.0/STM32CubeIDE_1.19.0/STM32CubeIDE/plugins/com.st.stm32cube.ide.mcu.externaltools.gnu-tools-for-stm32.13.3.rel1.win32_1.0.0.202411081344/tools/bin/../lib/gcc/arm-none-eabi/13.3.1/../../../../arm-none-eabi/lib/thumb/v7-m/nofp\libc_nano.a(libc_a-wctomb_r.o)
                0x08009ab4                __ascii_wctomb
 *fill*         0x08009ace        0x2 
 .text.__assert_func
                0x08009ad0       0x3c F:/Programs/ST/STM32CubeIDE/STM32CubeIDE_1.19.0/STM32CubeIDE_1.19.0/STM32CubeIDE/plugins/com.st.stm32cube.ide.mcu.externaltools.gnu-tools-for-stm32.13.3.rel1.win32_1.0.0.202411081344/tools/bin/../lib/gcc/arm-none-eabi/13.3.1/../../../../arm-none-eabi/lib/thumb/v7-m/nofp\libc_nano.a(libc_a-assert.o)
                0x08009ad0                __assert_func
 .text._calloc_r
                0x08009b0c       0x28 F:/Programs/ST/STM32CubeIDE/STM32CubeIDE_1.19.0/STM32CubeIDE_1.19.0/STM32CubeIDE/plugins/com.st.stm32cube.ide.mcu.externaltools.gnu-tools-for-stm32.13.3.rel1.win32_1.0.0.202411081344/tools/bin/../lib/gcc/arm-none-eabi/13.3.1/../../../../arm-none-eabi/lib/thumb/v7-m/nofp\libc_nano.a(libc_a-callocr.o)
                0x08009b0c                _calloc_r
 .text.malloc   0x08009b34       0x10 F:/Programs/ST/STM32CubeIDE/STM32CubeIDE_1.19.0/STM32CubeIDE_1.19.0/STM32CubeIDE/plugins/com.st.stm32cube.ide.mcu.externaltools.gnu-tools-for-stm32.13.3.rel1.win32_1.0.0.202411081344/tools/bin/../lib/gcc/arm-none-eabi/13.3.1/../../../../arm-none-eabi/lib/thumb/v7-m/nofp\libc_nano.a(libc_a-malloc.o)
                0x08009b34                malloc
 .text._malloc_usable_size_r
                0x08009b44       0x10 F:/Programs/ST/STM32CubeIDE/STM32CubeIDE_1.19.0/STM32CubeIDE_1.19.0/STM32CubeIDE/plugins/com.st.stm32cube.ide.mcu.externaltools.gnu-tools-for-stm32.13.3.rel1.win32_1.0.0.202411081344/tools/bin/../lib/gcc/arm-none-eabi/13.3.1/../../../../arm-none-eabi/lib/thumb/v7-m/nofp\libc_nano.a(libc_a-msizer.o)
                0x08009b44                _malloc_usable_size_r
 .text.fprintf  0x08009b54       0x24 F:/Programs/ST/STM32CubeIDE/STM32CubeIDE_1.19.0/STM32CubeIDE_1.19.0/STM32CubeIDE/plugins/com.st.stm32cube.ide.mcu.externaltools.gnu-tools-for-stm32.13.3.rel1.win32_1.0.0.202411081344/tools/bin/../lib/gcc/arm-none-eabi/13.3.1/../../../../arm-none-eabi/lib/thumb/v7-m/nofp\libc_nano.a(libc_a-fprintf.o)
                0x08009b54                fiprintf
                0x08009b54                fprintf
 .text.abort    0x08009b78        0xe F:/Programs/ST/STM32CubeIDE/STM32CubeIDE_1.19.0/STM32CubeIDE_1.19.0/STM32CubeIDE/plugins/com.st.stm32cube.ide.mcu.externaltools.gnu-tools-for-stm32.13.3.rel1.win32_1.0.0.202411081344/tools/bin/../lib/gcc/arm-none-eabi/13.3.1/../../../../arm-none-eabi/lib/thumb/v7-m/nofp\libc_nano.a(libc_a-abort.o)
                0x08009b78                abort
 .text.__sfputc_r
                0x08009b86       0x2a F:/Programs/ST/STM32CubeIDE/STM32CubeIDE_1.19.0/STM32CubeIDE_1.19.0/STM32CubeIDE/plugins/com.st.stm32cube.ide.mcu.externaltools.gnu-tools-for-stm32.13.3.rel1.win32_1.0.0.202411081344/tools/bin/../lib/gcc/arm-none-eabi/13.3.1/../../../../arm-none-eabi/lib/thumb/v7-m/nofp\libc_nano.a(libc_a-nano-vfprintf.o)
 .text.__sfputs_r
                0x08009bb0       0x24 F:/Programs/ST/STM32CubeIDE/STM32CubeIDE_1.19.0/STM32CubeIDE_1.19.0/STM32CubeIDE/plugins/com.st.stm32cube.ide.mcu.externaltools.gnu-tools-for-stm32.13.3.rel1.win32_1.0.0.202411081344/tools/bin/../lib/gcc/arm-none-eabi/13.3.1/../../../../arm-none-eabi/lib/thumb/v7-m/nofp\libc_nano.a(libc_a-nano-vfprintf.o)
                0x08009bb0                __sfputs_r
 .text._vfprintf_r
                0x08009bd4      0x230 F:/Programs/ST/STM32CubeIDE/STM32CubeIDE_1.19.0/STM32CubeIDE_1.19.0/STM32CubeIDE/plugins/com.st.stm32cube.ide.mcu.externaltools.gnu-tools-for-stm32.13.3.rel1.win32_1.0.0.202411081344/tools/bin/../lib/gcc/arm-none-eabi/13.3.1/../../../../arm-none-eabi/lib/thumb/v7-m/nofp\libc_nano.a(libc_a-nano-vfprintf.o)
                0x08009bd4                _vfprintf_r
                0x08009bd4                _vfiprintf_r
 .text.__swbuf_r
                0x08009e04       0x7c F:/Programs/ST/STM32CubeIDE/STM32CubeIDE_1.19.0/STM32CubeIDE_1.19.0/STM32CubeIDE/plugins/com.st.stm32cube.ide.mcu.externaltools.gnu-tools-for-stm32.13.3.rel1.win32_1.0.0.202411081344/tools/bin/../lib/gcc/arm-none-eabi/13.3.1/../../../../arm-none-eabi/lib/thumb/v7-m/nofp\libc_nano.a(libc_a-wbuf.o)
                0x08009e04                __swbuf_r
 .text.__swsetup_r
                0x08009e80       0xac F:/Programs/ST/STM32CubeIDE/STM32CubeIDE_1.19.0/STM32CubeIDE_1.19.0/STM32CubeIDE/plugins/com.st.stm32cube.ide.mcu.externaltools.gnu-tools-for-stm32.13.3.rel1.win32_1.0.0.202411081344/tools/bin/../lib/gcc/arm-none-eabi/13.3.1/../../../../arm-none-eabi/lib/thumb/v7-m/nofp\libc_nano.a(libc_a-wsetup.o)
                0x08009e80                __swsetup_r
 .text._raise_r
                0x08009f2c       0x50 F:/Programs/ST/STM32CubeIDE/STM32CubeIDE_1.19.0/STM32CubeIDE_1.19.0/STM32CubeIDE/plugins/com.st.stm32cube.ide.mcu.externaltools.gnu-tools-for-stm32.13.3.rel1.win32_1.0.0.202411081344/tools/bin/../lib/gcc/arm-none-eabi/13.3.1/../../../../arm-none-eabi/lib/thumb/v7-m/nofp\libc_nano.a(libc_a-signal.o)
                0x08009f2c                _raise_r
 .text.raise    0x08009f7c       0x10 F:/Programs/ST/STM32CubeIDE/STM32CubeIDE_1.19.0/STM32CubeIDE_1.19.0/STM32CubeIDE/plugins/com.st.stm32cube.ide.mcu.externaltools.gnu-tools-for-stm32.13.3.rel1.win32_1.0.0.202411081344/tools/bin/../lib/gcc/arm-none-eabi/13.3.1/../../../../arm-none-eabi/lib/thumb/v7-m/nofp\libc_nano.a(libc_a-signal.o)
                0x08009f7c                raise
 .text._kill_r  0x08009f8c       0x24 F:/Programs/ST/STM32CubeIDE/STM32CubeIDE_1.19.0/STM32CubeIDE_1.19.0/STM32CubeIDE/plugins/com.st.stm32cube.ide.mcu.externaltools.gnu-tools-for-stm32.13.3.rel1.win32_1.0.0.202411081344/tools/bin/../lib/gcc/arm-none-eabi/13.3.1/../../../../arm-none-eabi/lib/thumb/v7-m/nofp\libc_nano.a(libc_a-signalr.o)
                0x08009f8c                _kill_r
 .text._getpid_r
                0x08009fb0        0x4 F:/Programs/ST/STM32CubeIDE/STM32CubeIDE_1.19.0/STM32CubeIDE_1.19.0/STM32CubeIDE/plugins/com.st.stm32cube.ide.mcu.externaltools.gnu-tools-for-stm32.13.3.rel1.win32_1.0.0.202411081344/tools/bin/../lib/gcc/arm-none-eabi/13.3.1/../../../../arm-none-eabi/lib/thumb/v7-m/nofp\libc_nano.a(libc_a-signalr.o)
                0x08009fb0                _getpid_r
 .text.__swhatbuf_r
                0x08009fb4       0x4a F:/Programs/ST/STM32CubeIDE/STM32CubeIDE_1.19.0/STM32CubeIDE_1.19.0/STM32CubeIDE/plugins/com.st.stm32cube.ide.mcu.externaltools.gnu-tools-for-stm32.13.3.rel1.win32_1.0.0.202411081344/tools/bin/../lib/gcc/arm-none-eabi/13.3.1/../../../../arm-none-eabi/lib/thumb/v7-m/nofp\libc_nano.a(libc_a-makebuf.o)
                0x08009fb4                __swhatbuf_r
 .text.__smakebuf_r
                0x08009ffe       0x78 F:/Programs/ST/STM32CubeIDE/STM32CubeIDE_1.19.0/STM32CubeIDE_1.19.0/STM32CubeIDE/plugins/com.st.stm32cube.ide.mcu.externaltools.gnu-tools-for-stm32.13.3.rel1.win32_1.0.0.202411081344/tools/bin/../lib/gcc/arm-none-eabi/13.3.1/../../../../arm-none-eabi/lib/thumb/v7-m/nofp\libc_nano.a(libc_a-makebuf.o)
                0x08009ffe                __smakebuf_r
 *fill*         0x0800a076        0x2 
 .text._fstat_r
                0x0800a078       0x24 F:/Programs/ST/STM32CubeIDE/STM32CubeIDE_1.19.0/STM32CubeIDE_1.19.0/STM32CubeIDE/plugins/com.st.stm32cube.ide.mcu.externaltools.gnu-tools-for-stm32.13.3.rel1.win32_1.0.0.202411081344/tools/bin/../lib/gcc/arm-none-eabi/13.3.1/../../../../arm-none-eabi/lib/thumb/v7-m/nofp\libc_nano.a(libc_a-fstatr.o)
                0x0800a078                _fstat_r
 .text._isatty_r
                0x0800a09c       0x20 F:/Programs/ST/STM32CubeIDE/STM32CubeIDE_1.19.0/STM32CubeIDE_1.19.0/STM32CubeIDE/plugins/com.st.stm32cube.ide.mcu.externaltools.gnu-tools-for-stm32.13.3.rel1.win32_1.0.0.202411081344/tools/bin/../lib/gcc/arm-none-eabi/13.3.1/../../../../arm-none-eabi/lib/thumb/v7-m/nofp\libc_nano.a(libc_a-isattyr.o)
                0x0800a09c                _isatty_r
 *(.glue_7)
 .glue_7        0x0800a0bc        0x0 linker stubs
 *(.glue_7t)
 .glue_7t       0x0800a0bc        0x0 linker stubs
 *(.eh_frame)
 .eh_frame      0x0800a0bc        0x0 F:/Programs/ST/STM32CubeIDE/STM32CubeIDE_1.19.0/STM32CubeIDE_1.19.0/STM32CubeIDE/plugins/com.st.stm32cube.ide.mcu.externaltools.gnu-tools-for-stm32.13.3.rel1.win32_1.0.0.202411081344/tools/bin/../lib/gcc/arm-none-eabi/13.3.1/thumb/v7-m/nofp/crtbegin.o
 *(.init)
 .init          0x0800a0bc        0x4 F:/Programs/ST/STM32CubeIDE/STM32CubeIDE_1.19.0/STM32CubeIDE_1.19.0/STM32CubeIDE/plugins/com.st.stm32cube.ide.mcu.externaltools.gnu-tools-for-stm32.13.3.rel1.win32_1.0.0.202411081344/tools/bin/../lib/gcc/arm-none-eabi/13.3.1/thumb/v7-m/nofp/crti.o
                0x0800a0bc                _init
 .init          0x0800a0c0        0x8 F:/Programs/ST/STM32CubeIDE/STM32CubeIDE_1.19.0/STM32CubeIDE_1.19.0/STM32CubeIDE/plugins/com.st.stm32cube.ide.mcu.externaltools.gnu-tools-for-stm32.13.3.rel1.win32_1.0.0.202411081344/tools/bin/../lib/gcc/arm-none-eabi/13.3.1/thumb/v7-m/nofp/crtn.o
 *(.fini)
 .fini          0x0800a0c8        0x4 F:/Programs/ST/STM32CubeIDE/STM32CubeIDE_1.19.0/STM32CubeIDE_1.19.0/STM32CubeIDE/plugins/com.st.stm32cube.ide.mcu.externaltools.gnu-tools-for-stm32.13.3.rel1.win32_1.0.0.202411081344/tools/bin/../lib/gcc/arm-none-eabi/13.3.1/thumb/v7-m/nofp/crti.o
                0x0800a0c8                _fini
 .fini          0x0800a0cc        0x8 F:/Programs/ST/STM32CubeIDE/STM32CubeIDE_1.19.0/STM32CubeIDE_1.19.0/STM32CubeIDE/plugins/com.st.stm32cube.ide.mcu.externaltools.gnu-tools-for-stm32.13.3.rel1.win32_1.0.0.202411081344/tools/bin/../lib/gcc/arm-none-eabi/13.3.1/thumb/v7-m/nofp/crtn.o
                0x0800a0d4                        . = ALIGN (0x4)
                0x0800a0d4                        _etext = .

.vfp11_veneer   0x0800a0d4        0x0
 .vfp11_veneer  0x0800a0d4        0x0 linker stubs

.v4_bx          0x0800a0d4        0x0
 .v4_bx         0x0800a0d4        0x0 linker stubs

.iplt           0x0800a0d4        0x0
 .iplt          0x0800a0d4        0x0 F:/Programs/ST/STM32CubeIDE/STM32CubeIDE_1.19.0/STM32CubeIDE_1.19.0/STM32CubeIDE/plugins/com.st.stm32cube.ide.mcu.externaltools.gnu-tools-for-stm32.13.3.rel1.win32_1.0.0.202411081344/tools/bin/../lib/gcc/arm-none-eabi/13.3.1/thumb/v7-m/nofp/crtbegin.o

.rodata         0x0800a0d8      0xa50
                0x0800a0d8                        . = ALIGN (0x4)
 *(.rodata)
 .rodata        0x0800a0d8      0x575 ./Core/Src/UART.o
 *fill*         0x0800a64d        0x3 
 .rodata        0x0800a650       0x79 ./Core/Src/main.o
 *fill*         0x0800a6c9        0x3 
 .rodata        0x0800a6cc        0xc F:/Programs/ST/STM32CubeIDE/STM32CubeIDE_1.19.0/STM32CubeIDE_1.19.0/STM32CubeIDE/plugins/com.st.stm32cube.ide.mcu.externaltools.gnu-tools-for-stm32.13.3.rel1.win32_1.0.0.202411081344/tools/bin/../lib/gcc/arm-none-eabi/13.3.1/../../../../arm-none-eabi/lib/thumb/v7-m/nofp\libc_nano.a(libc_a-nano-vfscanf_i.o)
 *(.rodata*)
 .rodata.TORQUE_MAP
                0x0800a6d8        0xc ./Core/Src/ev_control.o
 .rodata.AHBPrescTable
                0x0800a6e4       0x10 ./Core/Src/system_stm32f1xx.o
                0x0800a6e4                AHBPrescTable
 .rodata.APBPrescTable
                0x0800a6f4        0x8 ./Core/Src/system_stm32f1xx.o
                0x0800a6f4                APBPrescTable
 .rodata.SENSORS
                0x0800a6fc       0x30 ./Core/Src/ultrasonic.o
 .rodata.aPLLMULFactorTable.1
                0x0800a72c       0x10 ./Drivers/STM32F1xx_HAL_Driver/Src/stm32f1xx_hal_rcc.o
 .rodata.aPredivFactorTable.0
                0x0800a73c        0x2 ./Drivers/STM32F1xx_HAL_Driver/Src/stm32f1xx_hal_rcc.o
 *fill*         0x0800a73e        0x2 
 .rodata.aPLLMULFactorTable.1
                0x0800a740       0x10 ./Drivers/STM32F1xx_HAL_Driver/Src/stm32f1xx_hal_rcc_ex.o
 .rodata.aPredivFactorTable.0
                0x0800a750        0x2 ./Drivers/STM32F1xx_HAL_Driver/Src/stm32f1xx_hal_rcc_ex.o
 .rodata._scanf_float.str1.1
                0x0800a752      0x186 F:/Programs/ST/STM32CubeIDE/STM32CubeIDE_1.19.0/STM32CubeIDE_1.19.0/STM32CubeIDE/plugins/com.st.stm32cube.ide.mcu.externaltools.gnu-tools-for-stm32.13.3.rel1.win32_1.0.0.202411081344/tools/bin/../lib/gcc/arm-none-eabi/13.3.1/../../../../arm-none-eabi/lib/thumb/v7-m/nofp\libc_nano.a(libc_a-nano-vfscanf_float.o)
                                  0x6 (size before relaxing)
 .rodata._strtod_l.str1.1
                0x0800a8d8        0xf F:/Programs/ST/STM32CubeIDE/STM32CubeIDE_1.19.0/STM32CubeIDE_1.19.0/STM32CubeIDE/plugins/com.st.stm32cube.ide.mcu.externaltools.gnu-tools-for-stm32.13.3.rel1.win32_1.0.0.202411081344/tools/bin/../lib/gcc/arm-none-eabi/13.3.1/../../../../arm-none-eabi/lib/thumb/v7-m/nofp\libc_nano.a(libc_a-strtod.o)
 .rodata.fpinan.0
                0x0800a8d8       0x14 F:/Programs/ST/STM32CubeIDE/STM32CubeIDE_1.19.0/STM32CubeIDE_1.19.0/STM32CubeIDE/plugins/com.st.stm32cube.ide.mcu.externaltools.gnu-tools-for-stm32.13.3.rel1.win32_1.0.0.202411081344/tools/bin/../lib/gcc/arm-none-eabi/13.3.1/../../../../arm-none-eabi/lib/thumb/v7-m/nofp\libc_nano.a(libc_a-strtod.o)
 .rodata.fpi.1  0x0800a8ec       0x14 F:/Programs/ST/STM32CubeIDE/STM32CubeIDE_1.19.0/STM32CubeIDE_1.19.0/STM32CubeIDE/plugins/com.st.stm32cube.ide.mcu.externaltools.gnu-tools-for-stm32.13.3.rel1.win32_1.0.0.202411081344/tools/bin/../lib/gcc/arm-none-eabi/13.3.1/../../../../arm-none-eabi/lib/thumb/v7-m/nofp\libc_nano.a(libc_a-strtod.o)
 .rodata.tinytens
                0x0800a900       0x28 F:/Programs/ST/STM32CubeIDE/STM32CubeIDE_1.19.0/STM32CubeIDE_1.19.0/STM32CubeIDE/plugins/com.st.stm32cube.ide.mcu.externaltools.gnu-tools-for-stm32.13.3.rel1.win32_1.0.0.202411081344/tools/bin/../lib/gcc/arm-none-eabi/13.3.1/../../../../arm-none-eabi/lib/thumb/v7-m/nofp\libc_nano.a(libc_a-strtod.o)
 .rodata._ctype_
                0x0800a928      0x101 F:/Programs/ST/STM32CubeIDE/STM32CubeIDE_1.19.0/STM32CubeIDE_1.19.0/STM32CubeIDE/plugins/com.st.stm32cube.ide.mcu.externaltools.gnu-tools-for-stm32.13.3.rel1.win32_1.0.0.202411081344/tools/bin/../lib/gcc/arm-none-eabi/13.3.1/../../../../arm-none-eabi/lib/thumb/v7-m/nofp\libc_nano.a(libc_a-ctype_.o)
                0x0800a928                _ctype_
 .rodata._svfprintf_r.str1.1
                0x0800aa29       0x11 F:/Programs/ST/STM32CubeIDE/STM32CubeIDE_1.19.0/STM32CubeIDE_1.19.0/STM32CubeIDE/plugins/com.st.stm32cube.ide.mcu.externaltools.gnu-tools-for-stm32.13.3.rel1.win32_1.0.0.202411081344/tools/bin/../lib/gcc/arm-none-eabi/13.3.1/../../../../arm-none-eabi/lib/thumb/v7-m/nofp\libc_nano.a(libc_a-nano-svfprintf.o)
 .rodata.__ssvfscanf_r.str1.1
                0x0800aa29        0x4 F:/Programs/ST/STM32CubeIDE/STM32CubeIDE_1.19.0/STM32CubeIDE_1.19.0/STM32CubeIDE/plugins/com.st.stm32cube.ide.mcu.externaltools.gnu-tools-for-stm32.13.3.rel1.win32_1.0.0.202411081344/tools/bin/../lib/gcc/arm-none-eabi/13.3.1/../../../../arm-none-eabi/lib/thumb/v7-m/nofp\libc_nano.a(libc_a-nano-svfscanf.o)
 .rodata._printf_i.str1.1
                0x0800aa29       0x22 F:/Programs/ST/STM32CubeIDE/STM32CubeIDE_1.19.0/STM32CubeIDE_1.19.0/STM32CubeIDE/plugins/com.st.stm32cube.ide.mcu.externaltools.gnu-tools-for-stm32.13.3.rel1.win32_1.0.0.202411081344/tools/bin/../lib/gcc/arm-none-eabi/13.3.1/../../../../arm-none-eabi/lib/thumb/v7-m/nofp\libc_nano.a(libc_a-nano-vfprintf_i.o)
 .rodata._scanf_i.str1.1
                0x0800aa29       0x12 F:/Programs/ST/STM32CubeIDE/STM32CubeIDE_1.19.0/STM32CubeIDE_1.19.0/STM32CubeIDE/plugins/com.st.stm32cube.ide.mcu.externaltools.gnu-tools-for-stm32.13.3.rel1.win32_1.0.0.202411081344/tools/bin/../lib/gcc/arm-none-eabi/13.3.1/../../../../arm-none-eabi/lib/thumb/v7-m/nofp\libc_nano.a(libc_a-nano-vfscanf_i.o)
 .rodata.str1.1
                0x0800aa29        0x9 F:/Programs/ST/STM32CubeIDE/STM32CubeIDE_1.19.0/STM32CubeIDE_1.19.0/STM32CubeIDE/plugins/com.st.stm32cube.ide.mcu.externaltools.gnu-tools-for-stm32.13.3.rel1.win32_1.0.0.202411081344/tools/bin/../lib/gcc/arm-none-eabi/13.3.1/../../../../arm-none-eabi/lib/thumb/v7-m/nofp\libc_nano.a(libc_a-nano-vfscanf_i.o)
 .rodata._setlocale_r.str1.1
                0x0800aa29        0x9 F:/Programs/ST/STM32CubeIDE/STM32CubeIDE_1.19.0/STM32CubeIDE_1.19.0/STM32CubeIDE/plugins/com.st.stm32cube.ide.mcu.externaltools.gnu-tools-for-stm32.13.3.rel1.win32_1.0.0.202411081344/tools/bin/../lib/gcc/arm-none-eabi/13.3.1/../../../../arm-none-eabi/lib/thumb/v7-m/nofp\libc_nano.a(libc_a-locale.o)
 .rodata.str1.1
                0x0800aa29        0x2 F:/Programs/ST/STM32CubeIDE/STM32CubeIDE_1.19.0/STM32CubeIDE_1.19.0/STM32CubeIDE/plugins/com.st.stm32cube.ide.mcu.externaltools.gnu-tools-for-stm32.13.3.rel1.win32_1.0.0.202411081344/tools/bin/../lib/gcc/arm-none-eabi/13.3.1/../../../../arm-none-eabi/lib/thumb/v7-m/nofp\libc_nano.a(libc_a-locale.o)
 .rodata.__gethex.str1.1
                0x0800aa29       0x73 F:/Programs/ST/STM32CubeIDE/STM32CubeIDE_1.19.0/STM32CubeIDE_1.19.0/STM32CubeIDE/plugins/com.st.stm32cube.ide.mcu.externaltools.gnu-tools-for-stm32.13.3.rel1.win32_1.0.0.202411081344/tools/bin/../lib/gcc/arm-none-eabi/13.3.1/../../../../arm-none-eabi/lib/thumb/v7-m/nofp\libc_nano.a(libc_a-gdtoa-gethex.o)
 .rodata._Balloc.str1.1
                0x0800aa29       0x70 F:/Programs/ST/STM32CubeIDE/STM32CubeIDE_1.19.0/STM32CubeIDE_1.19.0/STM32CubeIDE/plugins/com.st.stm32cube.ide.mcu.externaltools.gnu-tools-for-stm32.13.3.rel1.win32_1.0.0.202411081344/tools/bin/../lib/gcc/arm-none-eabi/13.3.1/../../../../arm-none-eabi/lib/thumb/v7-m/nofp\libc_nano.a(libc_a-mprec.o)
 .rodata.__multadd.str1.1
                0x0800aa29       0x11 F:/Programs/ST/STM32CubeIDE/STM32CubeIDE_1.19.0/STM32CubeIDE_1.19.0/STM32CubeIDE/plugins/com.st.stm32cube.ide.mcu.externaltools.gnu-tools-for-stm32.13.3.rel1.win32_1.0.0.202411081344/tools/bin/../lib/gcc/arm-none-eabi/13.3.1/../../../../arm-none-eabi/lib/thumb/v7-m/nofp\libc_nano.a(libc_a-mprec.o)
 *fill*         0x0800aa29        0x3 
 .rodata.p05.0  0x0800aa2c        0xc F:/Programs/ST/STM32CubeIDE/STM32CubeIDE_1.19.0/STM32CubeIDE_1.19.0/STM32CubeIDE/plugins/com.st.stm32cube.ide.mcu.externaltools.gnu-tools-for-stm32.13.3.rel1.win32_1.0.0.202411081344/tools/bin/../lib/gcc/arm-none-eabi/13.3.1/../../../../arm-none-eabi/lib/thumb/v7-m/nofp\libc_nano.a(libc_a-mprec.o)
 .rodata.__mprec_bigtens
                0x0800aa38       0x28 F:/Programs/ST/STM32CubeIDE/STM32CubeIDE_1.19.0/STM32CubeIDE_1.19.0/STM32CubeIDE/plugins/com.st.stm32cube.ide.mcu.externaltools.gnu-tools-for-stm32.13.3.rel1.win32_1.0.0.202411081344/tools/bin/../lib/gcc/arm-none-eabi/13.3.1/../../../../arm-none-eabi/lib/thumb/v7-m/nofp\libc_nano.a(libc_a-mprec.o)
                0x0800aa38                __mprec_bigtens
 .rodata.__mprec_tens
                0x0800aa60       0xc8 F:/Programs/ST/STM32CubeIDE/STM32CubeIDE_1.19.0/STM32CubeIDE_1.19.0/STM32CubeIDE/plugins/com.st.stm32cube.ide.mcu.externaltools.gnu-tools-for-stm32.13.3.rel1.win32_1.0.0.202411081344/tools/bin/../lib/gcc/arm-none-eabi/13.3.1/../../../../arm-none-eabi/lib/thumb/v7-m/nofp\libc_nano.a(libc_a-mprec.o)
                0x0800aa60                __mprec_tens
 .rodata.__assert_func.str1.1
                0x0800ab28       0x3d F:/Programs/ST/STM32CubeIDE/STM32CubeIDE_1.19.0/STM32CubeIDE_1.19.0/STM32CubeIDE/plugins/com.st.stm32cube.ide.mcu.externaltools.gnu-tools-for-stm32.13.3.rel1.win32_1.0.0.202411081344/tools/bin/../lib/gcc/arm-none-eabi/13.3.1/../../../../arm-none-eabi/lib/thumb/v7-m/nofp\libc_nano.a(libc_a-assert.o)
 .rodata._vfprintf_r.str1.1
                0x0800ab28       0x11 F:/Programs/ST/STM32CubeIDE/STM32CubeIDE_1.19.0/STM32CubeIDE_1.19.0/STM32CubeIDE/plugins/com.st.stm32cube.ide.mcu.externaltools.gnu-tools-for-stm32.13.3.rel1.win32_1.0.0.202411081344/tools/bin/../lib/gcc/arm-none-eabi/13.3.1/../../../../arm-none-eabi/lib/thumb/v7-m/nofp\libc_nano.a(libc_a-nano-vfprintf.o)
                0x0800ab68                        . = ALIGN (0x4)

.ARM.extab      0x0800ab28        0x0
                0x0800ab28                        . = ALIGN (0x4)
 *(.ARM.extab* .gnu.linkonce.armextab.*)
                0x0800ab28                        . = ALIGN (0x4)

.ARM            0x0800ab28        0x8
                0x0800ab28                        . = ALIGN (0x4)
                0x0800ab28                        __exidx_start = .
 *(.ARM.exidx*)
 .ARM.exidx     0x0800ab28        0x8 F:/Programs/ST/STM32CubeIDE/STM32CubeIDE_1.19.0/STM32CubeIDE_1.19.0/STM32CubeIDE/plugins/com.st.stm32cube.ide.mcu.externaltools.gnu-tools-for-stm32.13.3.rel1.win32_1.0.0.202411081344/tools/bin/../lib/gcc/arm-none-eabi/13.3.1/../../../../arm-none-eabi/lib/thumb/v7-m/nofp\libc_nano.a(libc_a-strcmp.o)
 .ARM.exidx     0x0800ab30        0x0 F:/Programs/ST/STM32CubeIDE/STM32CubeIDE_1.19.0/STM32CubeIDE_1.19.0/STM32CubeIDE/plugins/com.st.stm32cube.ide.mcu.externaltools.gnu-tools-for-stm32.13.3.rel1.win32_1.0.0.202411081344/tools/bin/../lib/gcc/arm-none-eabi/13.3.1/../../../../arm-none-eabi/lib/thumb/v7-m/nofp\libc_nano.a(libc_a-strlen.o)
                                  0x8 (size before relaxing)
                0x0800ab30                        __exidx_end = .
                0x0800ab30                        . = ALIGN (0x4)

.preinit_array  0x0800ab30        0x0
                0x0800ab30                        . = ALIGN (0x4)
                0x0800ab30                        PROVIDE (__preinit_array_start = .)
 *(.preinit_array*)
                0x0800ab30                        PROVIDE (__preinit_array_end = .)
                0x0800ab30                        . = ALIGN (0x4)

.init_array     0x0800ab30        0x4
                0x0800ab30                        . = ALIGN (0x4)
                0x0800ab30                        PROVIDE (__init_array_start = .)
 *(SORT_BY_NAME(.init_array.*))
 *(.init_array*)