../Core/Src/main.c:43:6:HAL_TIM_PeriodElapsedCallback	16	static
../Core/Src/main.c:78:5:main	16	static
../Core/Src/main.c:161:6:HAL_UART_RxCpltCallback	16	static
../Core/Src/main.c:168:13:Print_Status	112	static
../Core/Src/main.c:217:6:SystemClock_Config	88	static
../Core/Src/main.c:264:13:MX_ADC1_Init	24	static
../Core/Src/main.c:313:13:MX_TIM1_Init	96	static
../Core/Src/main.c:388:13:MX_TIM2_Init	32	static
../Core/Src/main.c:433:13:MX_TIM3_Init	32	static
../Core/Src/main.c:483:13:MX_USART1_UART_Init	8	static
../Core/Src/main.c:516:13:MX_GPIO_Init	40	static
../Core/Src/main.c:571:6:Error_Handler	4	static,ignoring_inline_asm
